D/dalvikvm(  469): GC_CONCURRENT freed 600K, 10% free 5410K/5980K, paused 2ms+1ms, total 11ms
D/dalvikvm(  469): WAIT_FOR_CONCURRENT_GC blocked 1ms
W/ContextImpl(  469): Calling a method in the system process without a qualified user: android.app.ContextImpl.sendBroadcast:1123 android.content.ContextWrapper.sendBroadcast:365 com.vphone.launcher.Hotseat$19.a:640 com.vphone.launcher.Hotseat$19.onResponse:629 com.vphone.launcher.network.GsonRequest.deliverResponse:52 
D/dalvikvm(  469): GC_CONCURRENT freed 1413K, 22% free 4887K/6228K, paused 1ms+2ms, total 13ms
W/DebugConnManager(  469): getNetworkInfo() on networkType 1
D/EventBus(  469): No subscribers registered for event class com.vphone.launcher.game.event.RefreshAdViewEvent
D/EventBus(  469): No subscribers registered for event class org.greenrobot.eventbus.NoSubscriberEvent
D/dalvikvm(  469): GC_CONCURRENT freed 688K, 22% free 4881K/6228K, paused 1ms+0ms, total 6ms
D/dalvikvm(  469): WAIT_FOR_CONCURRENT_GC blocked 3ms
D/dalvikvm(  469): WAIT_FOR_CONCURRENT_GC blocked 3ms
I/SurfaceFlinger(  167): Boot is finished (7617 ms)
D/BluetoothManagerService(  266): Retrieving Bluetooth Adapter name and address...
D/BluetoothManagerService(  266): getNameAndAddress(): mBluetooth = null mBinding = false
D/BluetoothManagerService(  266): Message: 200
D/BluetoothManagerService(  266): MESSAGE_GET_NAME_AND_ADDRESS
D/BluetoothManagerService(  266): Binding to service to get name and address
E/BluetoothManagerService(  266): Fail to bind to: Intent { act=android.bluetooth.IBluetooth }
E/BluetoothHeadset(  266): Could not bind to Bluetooth Headset Service with Intent { act=android.bluetooth.IBluetoothHeadset }
E/BluetoothA2dp(  266): Could not bind to Bluetooth A2DP Service with Intent { act=android.bluetooth.IBluetoothA2dp }
D/BluetoothManagerService(  266): Message: 20
D/BluetoothManagerService(  266): Added callback: android.bluetooth.BluetoothAdapter$1@4a8d1708:true
D/BluetoothManagerService(  266): Message: 30
D/BluetoothManagerService(  266): Message: 30
I/RecoverySystem(  266): No recovery log file
V/WiredAccessoryManager(  266): init()
I/BootReceiver(  266): Copying audit failures to DropBox
I/BootReceiver(  266): Checking for fsck errors
I/ActivityManager(  266): Start proc com.android.providers.calendar for broadcast com.android.providers.calendar/.CalendarReceiver: pid=591 uid=10001 gids={50001, 3003, 1028, 1015, 1023}
I/ActivityManager(  266): Start proc android.process.media for content provider com.android.providers.downloads/.DownloadProvider: pid=605 uid=10004 gids={50004, 1028, 1015, 1023, 1024, 2001, 3003, 3007}
I/dalvikvm(  605): ignoring registerObject request in thread=1
I/dalvikvm(  605): ignoring registerObject request in thread=1
I/dalvikvm(  591): ignoring registerObject request in thread=1
I/dalvikvm(  591): ignoring registerObject request in thread=1
I/CalendarProvider2(  591): Created com.android.providers.calendar.CalendarAlarmManager@4a7b7000(com.android.providers.calendar.CalendarProvider2@4a7b2ee8)
I/ActivityManager(  266): Start proc com.android.onetimeinitializer for broadcast com.android.onetimeinitializer/.OneTimeInitializerReceiver: pid=632 uid=10007 gids={50007}
D/dalvikvm(  168): GC_EXPLICIT freed 37K, 4% free 2843K/2940K, paused 1ms+1ms, total 3ms
D/dalvikvm(  168): GC_EXPLICIT freed <1K, 4% free 2843K/2940K, paused 0ms+0ms, total 2ms
D/dalvikvm(  168): GC_EXPLICIT freed <1K, 4% free 2843K/2940K, paused 0ms+1ms, total 2ms
I/dalvikvm(  632): ignoring registerObject request in thread=1
I/dalvikvm(  632): ignoring registerObject request in thread=1
V/OneTimeInitializerRece(  632): OneTimeInitializerReceiver.onReceive
D/dalvikvm(  469): GC_CONCURRENT freed 523K, 20% free 5029K/6228K, paused 3ms+0ms, total 12ms
I/dalvikvm(  648): ignoring registerObject request in thread=1
I/dalvikvm(  648): ignoring registerObject request in thread=1
I/ActivityManager(  266): Start proc com.bignox.app.store.hd for broadcast com.bignox.app.store.hd/.providers.downloads.DownloadReceiver: pid=648 uid=1000 gids={41000, 1028, 1015, 1023, 3002, 3001, 3003, 1007}
D/dalvikvm(  605): JIT code cache reset in 0 ms (0 bytes 1/0)
D/dalvikvm(  605): GC_CONCURRENT freed 253K, 10% free 3045K/3356K, paused 0ms+0ms, total 2ms
I/PowerManagerService(  266): Boot animation finished.
D/dalvikvm(  648): No JNI_OnLoad found in /system/lib/libxl_thunder_sdk.so 0x94f52e28, skipping init
D/dalvikvm(  648): No JNI_OnLoad found in /system/lib/libvphone_xl_thunder_iface.so 0x94f52e28, skipping init
I/XLUtil  (  648): loadAndParseFile start
I/XLUtil  (  648): loadAndParseFile end
I/XLDownloadManager(  648): Peerid:MzA5QzIzRDdDRERDMDBYWQ==
I/XLDownloadManager(  648): Guid:ODYzMDY0MDEwMzAxNTY0XzMwOUMyM0Q3Q0REQw==
D/dalvikvm(  469): GC_CONCURRENT freed 294K, 15% free 5337K/6228K, paused 2ms+1ms, total 5ms
D/AndroidRuntime(  664): 
D/AndroidRuntime(  664): >>>>>> AndroidRuntime START com.android.internal.os.RuntimeInit <<<<<<
I/XLDownloadManager(  648): doMonitorNetworkChange()
I/XLDownloadManager(  648): register Receiver
D/dalvikvm(  469): GC_CONCURRENT freed 644K, 14% free 5398K/6228K, paused 2ms+0ms, total 4ms
D/dalvikvm(  648): GC_CONCURRENT freed 248K, 10% free 3082K/3392K, paused 1ms+0ms, total 3ms
D/dalvikvm(  469): GC_CONCURRENT freed 706K, 13% free 5418K/6228K, paused 2ms+0ms, total 6ms
W/ActivityThread(  648): ClassLoader.loadClass: The class loader returned by Thread.getContextClassLoader() may fail for processes that host multiple applications. You should explicitly specify a context class loader. For example: Thread.setContextClassLoader(getClass().getClassLoader());
D/dalvikvm(  469): GC_CONCURRENT freed 735K, 14% free 5416K/6228K, paused 2ms+0ms, total 6ms
D/dalvikvm(  648): GC_CONCURRENT freed 270K, 10% free 3209K/3548K, paused 1ms+1ms, total 3ms
I/HttpDnsSDK(  648): HttpDnsThreadFactory create a new thread, name: Thread-58
I/HttpDnsSDK(  648): HttpDnsThreadFactory create a new thread, name: Thread-59
D/dalvikvm(  469): GC_CONCURRENT freed 841K, 15% free 5434K/6332K, paused 2ms+0ms, total 7ms
D/dalvikvm(  469): WAIT_FOR_CONCURRENT_GC blocked 2ms
D/Volley  (  648): [1] DiskBasedCache.clear: Cache cleared.
W/ContextImpl(  648): Calling a method in the system process without a qualified user: android.app.ContextImpl.startService:1492 android.content.ContextWrapper.startService:494 com.bignox.app.store.hd.StoreApplication.onCreate:97 android.app.Instrumentation.callApplicationOnCreate:1024 android.app.ActivityThread.handleBindApplication:4346 
I/HttpDnsSDK(  648): HttpDnsThreadFactory create a new thread, name: Thread-62
W/ContextImpl(  648): Calling a method in the system process without a qualified user: android.app.ContextImpl.startService:1492 android.content.ContextWrapper.startService:494 android.content.ContextWrapper.startService:494 com.bignox.app.store.hd.providers.downloads.DownloadReceiver.startService:188 com.bignox.app.store.hd.providers.downloads.DownloadReceiver.onReceive:48 
I/ActivityManager(  266): Delay finish: com.bignox.app.store.hd/.providers.downloads.DownloadReceiver
D/AndroidRuntime(  664): CheckJNI is OFF
D/dalvikvm(  664): Using executionMode 2
D/dalvikvm(  664): Trying to load lib libjavacore.so 0x0
D/dalvikvm(  664): Added shared lib libjavacore.so 0x0
D/dalvikvm(  664): Trying to load lib libnativehelper.so 0x0
D/dalvikvm(  664): Added shared lib libnativehelper.so 0x0
D/dalvikvm(  664): No JNI_OnLoad found in libnativehelper.so 0x0, skipping init
D/dalvikvm(  605): GC_CONCURRENT freed 265K, 10% free 3167K/3492K, paused 1ms+1ms, total 3ms
D/dalvikvm(  469): GC_CONCURRENT freed 806K, 10% free 5744K/6332K, paused 0ms+1ms, total 15ms
D/dalvikvm(  664): Note: class Landroid/app/ActivityManagerNative; has 179 unimplemented (abstract) methods
D/dalvikvm(  648): GC_CONCURRENT freed 282K, 10% free 3381K/3732K, paused 1ms+1ms, total 4ms
I/com.bignox.app.store.hd.repositories.AppRepository(  648): delete app by package url :com.bignox.app.store.hd
D/HttpDnsSDK(  648): 57 - VMStack.java:-2 - [getThreadStackTrace] - stat: XRYmQMpyxs0DAD016RXDJmuI
D/dalvikvm(  648): GC_CONCURRENT freed 356K, 12% free 3421K/3868K, paused 0ms+1ms, total 3ms
D/HttpDnsSDK(  648): 59 - VMStack.java:-2 - [getThreadStackTrace] - resolve host: ressrc.yeshen.com, return: {"host":"ressrc.yeshen.com","ips":["60.205.13.186"],"ttl":442,"origin_ttl":600}
D/Event   (  648): No subscribers registered for event class com.bignox.app.store.hd.providers.downloads.CountEvent
D/Event   (  648): No subscribers registered for event class de.greenrobot.event.NoSubscriberEvent
I/ActivityManager(  266): Resuming delayed broadcast
D/dalvikvm(  469): GC_CONCURRENT freed 1213K, 19% free 5452K/6724K, paused 0ms+0ms, total 5ms
D/HttpDnsSDK(  648): 58 - VMStack.java:-2 - [getThreadStackTrace] - resolve host: res.yeshen.com, return: {"host":"res.yeshen.com","ips":["113.113.73.35"],"ttl":11,"origin_ttl":60}
D/dalvikvm(  648): GC_CONCURRENT freed 381K, 12% free 3467K/3912K, paused 3ms+0ms, total 6ms
D/HttpDnsSDK(  648): 62 - VMStack.java:-2 - [getThreadStackTrace] - resolve host: res.src.yeshen.com, return: {"host":"res.src.yeshen.com","ips":[],"ttl":300}
D/dalvikvm(  469): GC_CONCURRENT freed 836K, 17% free 5622K/6724K, paused 2ms+0ms, total 13ms
D/Event   (  648): No subscribers registered for event class com.bignox.app.store.hd.model.Game
D/Event   (  648): No subscribers registered for event class de.greenrobot.event.NoSubscriberEvent
D/Event   (  648): No subscribers registered for event class com.bignox.app.store.hd.providers.downloads.CountEvent
D/Event   (  648): No subscribers registered for event class de.greenrobot.event.NoSubscriberEvent
D/HttpDnsSDK(  648): 57 - VMStack.java:-2 - [getThreadStackTrace] - get MAN response: {"t":1562225211668,"ret":"","success":"success"}
D/Event   (  648): No subscribers registered for event class com.bignox.app.store.hd.providers.downloads.CountEvent
D/Event   (  648): No subscribers registered for event class de.greenrobot.event.NoSubscriberEvent
E/memtrack(  664): Couldn't load memtrack module (No such file or directory)
E/android.os.Debug(  664): failed to load memtrack module: -2
W/ContextImpl(  648): Calling a method in the system process without a qualified user: android.app.ContextImpl.sendBroadcast:1123 android.content.ContextWrapper.sendBroadcast:365 com.bignox.app.store.hd.asynctask.InitPackageMapTask.onPostExecute:284 com.bignox.app.store.hd.asynctask.InitPackageMapTask.onPostExecute:32 android.os.AsyncTask.finish:632 
D/dalvikvm(  266): GC_EXPLICIT freed 330K, 7% free 5378K/5776K, paused 0ms+0ms, total 5ms
D/dalvikvm(  648): GC_CONCURRENT freed 498K, 15% free 3387K/3948K, paused 2ms+1ms, total 4ms
D/AndroidRuntime(  664): Calling main entry com.android.commands.pm.Pm
D/dalvikvm(  469): GC_CONCURRENT freed 781K, 17% free 5646K/6724K, paused 1ms+1ms, total 11ms
D/AndroidRuntime(  664): Shutting down VM
E/cutils-trace(  664): Error opening trace file: No such file or directory (2)
D/dalvikvm(  664): GC_CONCURRENT freed 151K, 22% free 567K/720K, paused 0ms+0ms, total 1ms
V/MediaScanner(  605): pruneDeadThumbnailFiles... android.database.sqlite.SQLiteCursor@4a7f30ac
V/MediaScanner(  605): /pruneDeadThumbnailFiles... android.database.sqlite.SQLiteCursor@4a7f30ac
W/ContextImpl(  469): Calling a method in the system process without a qualified user: android.app.ContextImpl.startService:1492 android.content.ContextWrapper.startService:494 android.content.ContextWrapper.startService:494 com.vphone.launcher.providers.downloads.DownloadReceiver.a:188 com.vphone.launcher.providers.downloads.DownloadReceiver.onReceive:48 
D/dalvikvm(  648): GC_CONCURRENT freed 284K, 12% free 3492K/3948K, paused 1ms+0ms, total 3ms
W/ContextImpl(  266): Calling a method in the system process without a qualified user: android.app.ContextImpl.sendBroadcast:1123 com.android.server.NotificationManagerService$6.run:1838 android.os.Handler.handleCallback:733 android.os.Handler.dispatchMessage:95 android.os.Looper.loop:136 
D/Sensors (  266): Client connection accepted (169)
D/AndroidRuntime(  723): 
D/AndroidRuntime(  723): >>>>>> AndroidRuntime START com.android.internal.os.RuntimeInit <<<<<<
D/AndroidRuntime(  723): CheckJNI is OFF
D/dalvikvm(  723): Using executionMode 2
D/dalvikvm(  723): Trying to load lib libjavacore.so 0x0
D/dalvikvm(  723): Added shared lib libjavacore.so 0x0
D/dalvikvm(  723): Trying to load lib libnativehelper.so 0x0
D/dalvikvm(  723): Added shared lib libnativehelper.so 0x0
D/dalvikvm(  723): No JNI_OnLoad found in libnativehelper.so 0x0, skipping init
D/dalvikvm(  723): Note: class Landroid/app/ActivityManagerNative; has 179 unimplemented (abstract) methods
I/CalendarProvider2(  591): Sending notification intent: Intent { act=android.intent.action.PROVIDER_CHANGED dat=content://com.android.calendar }
W/ContentResolver(  591): Failed to get type for: content://com.android.calendar (Unknown URL content://com.android.calendar)
E/memtrack(  723): Couldn't load memtrack module (No such file or directory)
E/android.os.Debug(  723): failed to load memtrack module: -2
D/AndroidRuntime(  723): Calling main entry com.android.commands.pm.Pm
D/AndroidRuntime(  723): Shutting down VM
E/cutils-trace(  723): Error opening trace file: No such file or directory (2)
D/dalvikvm(  723): GC_CONCURRENT freed 151K, 22% free 566K/720K, paused 0ms+0ms, total 1ms
E/TelephonyProvider(  458): Failed setting numeric '460073' to the current operator
E/NOX     (   71): recv() error
D/NOX     (   71): Socket read error
D/AndroidRuntime(  736): 
D/AndroidRuntime(  736): >>>>>> AndroidRuntime START com.android.internal.os.RuntimeInit <<<<<<
D/AndroidRuntime(  736): CheckJNI is OFF
D/dalvikvm(  736): Using executionMode 2
D/dalvikvm(  736): Trying to load lib libjavacore.so 0x0
D/dalvikvm(  736): Added shared lib libjavacore.so 0x0
D/dalvikvm(  736): Trying to load lib libnativehelper.so 0x0
D/dalvikvm(  736): Added shared lib libnativehelper.so 0x0
D/dalvikvm(  736): No JNI_OnLoad found in libnativehelper.so 0x0, skipping init
D/dalvikvm(  736): Note: class Landroid/app/ActivityManagerNative; has 179 unimplemented (abstract) methods
E/memtrack(  736): Couldn't load memtrack module (No such file or directory)
E/android.os.Debug(  736): failed to load memtrack module: -2
D/AndroidRuntime(  736): Calling main entry com.android.commands.pm.Pm
D/AndroidRuntime(  736): Shutting down VM
E/cutils-trace(  736): Error opening trace file: No such file or directory (2)
D/dalvikvm(  736): GC_CONCURRENT freed 151K, 22% free 567K/720K, paused 0ms+0ms, total 1ms
D/NOX-AGPS(  750): 0|37711|8009(mnc=0, lac=37711, cid=8009) for lng=107.563583 & lat=36.001251 
D/AndroidRuntime(  754): 
D/AndroidRuntime(  754): >>>>>> AndroidRuntime START com.android.internal.os.RuntimeInit <<<<<<
D/Tethering(  266): MasterInitialState.processMessage what=3
D/CaptivePortalTracker(  266): NoActiveNetworkState{ when=0 what=1 obj=NetworkInfo: type: WIFI[], state: CONNECTED/CONNECTED, reason: (unspecified), extra: "AndroidAP", roaming: false, failover: false, isAvailable: true, isConnectedToProvisioningNetwork: false target=com.android.internal.util.StateMachine$SmHandler }
D/HttpDnsSDK(  648): 1 - VMStack.java:-2 - [getThreadStackTrace] - [detectCurrentNetwork] - Network name:WIFI subType name: 
D/HttpDnsSDK(  648): 1 - VMStack.java:-2 - [getThreadStackTrace] - [BroadcastReceiver.onReceive] - Network state changed
D/HttpDnsSDK(  648): 1 - VMStack.java:-2 - [getThreadStackTrace] - [BroadcastReceiver.onReceive] - refresh host
D/XLDownloadManager(  648): NetworkChangeHandlerThread nettype=9
W/ContextImpl(  648): Calling a method in the system process without a qualified user: android.app.ContextImpl.startService:1492 android.content.ContextWrapper.startService:494 android.content.ContextWrapper.startService:494 com.bignox.app.store.hd.providers.downloads.DownloadReceiver.startService:188 com.bignox.app.store.hd.providers.downloads.DownloadReceiver.onReceive:53 
W/ContextImpl(  469): Calling a method in the system process without a qualified user: android.app.ContextImpl.startService:1492 android.content.ContextWrapper.startService:494 android.content.ContextWrapper.startService:494 com.vphone.launcher.providers.downloads.DownloadReceiver.a:188 com.vphone.launcher.providers.downloads.DownloadReceiver.onReceive:53 
D/XLDownloadManager(  648): NetworkChangeHandlerThread bssid=30:9C:23:D7:CD:DC
D/Event   (  648): No subscribers registered for event class com.bignox.app.store.hd.providers.downloads.CountEvent
D/Event   (  648): No subscribers registered for event class de.greenrobot.event.NoSubscriberEvent
D/HttpDnsSDK(  648): 62 - VMStack.java:-2 - [getThreadStackTrace] - resolve host: ressrc.yeshen.com, return: {"host":"ressrc.yeshen.com","ips":["60.205.13.186"],"ttl":441,"origin_ttl":600}
D/HttpDnsSDK(  648): 59 - VMStack.java:-2 - [getThreadStackTrace] - resolve host: res.yeshen.com, return: {"host":"res.yeshen.com","ips":["113.113.73.35"],"ttl":9,"origin_ttl":60}
D/HttpDnsSDK(  648): 58 - VMStack.java:-2 - [getThreadStackTrace] - resolve host: res.src.yeshen.com, return: {"host":"res.src.yeshen.com","ips":[],"ttl":300}
D/AndroidRuntime(  754): CheckJNI is OFF
D/dalvikvm(  754): Using executionMode 2
D/dalvikvm(  754): Trying to load lib libjavacore.so 0x0
D/dalvikvm(  754): Added shared lib libjavacore.so 0x0
D/dalvikvm(  754): Trying to load lib libnativehelper.so 0x0
D/dalvikvm(  754): Added shared lib libnativehelper.so 0x0
D/dalvikvm(  754): No JNI_OnLoad found in libnativehelper.so 0x0, skipping init
D/dalvikvm(  754): Note: class Landroid/app/ActivityManagerNative; has 179 unimplemented (abstract) methods
E/memtrack(  754): Couldn't load memtrack module (No such file or directory)
E/android.os.Debug(  754): failed to load memtrack module: -2
D/AndroidRuntime(  754): Calling main entry com.android.commands.pm.Pm
D/AndroidRuntime(  754): Shutting down VM
E/cutils-trace(  754): Error opening trace file: No such file or directory (2)
D/dalvikvm(  754): GC_CONCURRENT freed 151K, 22% free 567K/720K, paused 0ms+0ms, total 1ms
D/        (  266): Setting time of day to sec=1562225213
E/NOX     (   71): recv() error
D/NOX     (   71): Socket read error
D/AndroidRuntime(  773): 
D/AndroidRuntime(  773): >>>>>> AndroidRuntime START com.android.internal.os.RuntimeInit <<<<<<
D/AndroidRuntime(  773): CheckJNI is OFF
D/dalvikvm(  773): Using executionMode 2
D/dalvikvm(  773): Trying to load lib libjavacore.so 0x0
D/dalvikvm(  773): Added shared lib libjavacore.so 0x0
D/dalvikvm(  773): Trying to load lib libnativehelper.so 0x0
D/dalvikvm(  773): Added shared lib libnativehelper.so 0x0
D/dalvikvm(  773): No JNI_OnLoad found in libnativehelper.so 0x0, skipping init
D/dalvikvm(  773): Note: class Landroid/app/ActivityManagerNative; has 179 unimplemented (abstract) methods
E/memtrack(  773): Couldn't load memtrack module (No such file or directory)
E/android.os.Debug(  773): failed to load memtrack module: -2
D/AndroidRuntime(  773): Calling main entry com.android.commands.pm.Pm
D/AndroidRuntime(  773): Shutting down VM
E/cutils-trace(  773): Error opening trace file: No such file or directory (2)
D/dalvikvm(  773): GC_CONCURRENT freed 151K, 22% free 566K/720K, paused 0ms+0ms, total 1ms
D/AndroidRuntime(  786): 
D/AndroidRuntime(  786): >>>>>> AndroidRuntime START com.android.internal.os.RuntimeInit <<<<<<
D/dalvikvm(  469): GC_FOR_ALLOC freed 322K, 17% free 5630K/6724K, paused 4ms, total 4ms
I/dalvikvm-heap(  469): Grow heap (frag case) to 6.158MB for 635808-byte allocation
D/dalvikvm(  469): GC_FOR_ALLOC freed 17K, 16% free 6233K/7348K, paused 3ms, total 3ms
D/AndroidRuntime(  786): CheckJNI is OFF
D/dalvikvm(  786): Using executionMode 2
D/dalvikvm(  786): Trying to load lib libjavacore.so 0x0
D/dalvikvm(  786): Added shared lib libjavacore.so 0x0
D/dalvikvm(  786): Trying to load lib libnativehelper.so 0x0
D/dalvikvm(  786): Added shared lib libnativehelper.so 0x0
D/dalvikvm(  786): No JNI_OnLoad found in libnativehelper.so 0x0, skipping init
D/dalvikvm(  786): Note: class Landroid/app/ActivityManagerNative; has 179 unimplemented (abstract) methods
E/memtrack(  786): Couldn't load memtrack module (No such file or directory)
E/android.os.Debug(  786): failed to load memtrack module: -2
D/AndroidRuntime(  786): Calling main entry com.android.commands.pm.Pm
D/AndroidRuntime(  786): Shutting down VM
E/cutils-trace(  786): Error opening trace file: No such file or directory (2)
D/dalvikvm(  786): GC_CONCURRENT freed 151K, 22% free 567K/720K, paused 0ms+0ms, total 1ms
D/AndroidRuntime(  799): 
D/AndroidRuntime(  799): >>>>>> AndroidRuntime START com.android.internal.os.RuntimeInit <<<<<<
D/AndroidRuntime(  799): CheckJNI is OFF
D/dalvikvm(  799): Using executionMode 2
D/dalvikvm(  799): Trying to load lib libjavacore.so 0x0
D/dalvikvm(  799): Added shared lib libjavacore.so 0x0
D/dalvikvm(  799): Trying to load lib libnativehelper.so 0x0
D/dalvikvm(  799): Added shared lib libnativehelper.so 0x0
D/dalvikvm(  799): No JNI_OnLoad found in libnativehelper.so 0x0, skipping init
D/dalvikvm(  799): Note: class Landroid/app/ActivityManagerNative; has 179 unimplemented (abstract) methods
E/memtrack(  799): Couldn't load memtrack module (No such file or directory)
E/android.os.Debug(  799): failed to load memtrack module: -2
D/AndroidRuntime(  799): Calling main entry com.android.commands.am.Am
D/AndroidRuntime(  799): Shutting down VM
E/cutils-trace(  799): Error opening trace file: No such file or directory (2)
I/dalvikvm(  469): Could not find method android.app.ActivityManager.removeTask, referenced from method com.vphone.launcher.service.CommonService.a
W/dalvikvm(  469): VFY: unable to resolve virtual method 522: Landroid/app/ActivityManager;.removeTask (I)Z
D/dalvikvm(  469): VFY: replacing opcode 0x6e at 0x0066
D/dalvikvm(  799): GC_CONCURRENT freed 96K, 15% free 585K/684K, paused 0ms+0ms, total 1ms
D/dalvikvm(  469): GC_FOR_ALLOC freed 1014K, 25% free 5567K/7348K, paused 3ms, total 3ms
I/dalvikvm-heap(  469): Grow heap (frag case) to 37.131MB for 33177612-byte allocation
D/dalvikvm(  469): GC_CONCURRENT freed 5K, 5% free 37962K/39752K, paused 2ms+0ms, total 5ms
D/AndroidRuntime(  809): 
D/AndroidRuntime(  809): >>>>>> AndroidRuntime START com.android.internal.os.RuntimeInit <<<<<<
D/AndroidRuntime(  809): CheckJNI is OFF
D/dalvikvm(  809): Using executionMode 2
D/dalvikvm(  809): Trying to load lib libjavacore.so 0x0
D/dalvikvm(  809): Added shared lib libjavacore.so 0x0
D/dalvikvm(  809): Trying to load lib libnativehelper.so 0x0
D/dalvikvm(  809): Added shared lib libnativehelper.so 0x0
D/dalvikvm(  809): No JNI_OnLoad found in libnativehelper.so 0x0, skipping init
D/dalvikvm(  809): Note: class Landroid/app/ActivityManagerNative; has 179 unimplemented (abstract) methods
E/memtrack(  809): Couldn't load memtrack module (No such file or directory)
E/android.os.Debug(  809): failed to load memtrack module: -2
D/AndroidRuntime(  809): Calling main entry com.android.commands.pm.Pm
D/AndroidRuntime(  809): Shutting down VM
E/cutils-trace(  809): Error opening trace file: No such file or directory (2)
D/dalvikvm(  809): GC_CONCURRENT freed 151K, 22% free 567K/720K, paused 1ms+0ms, total 1ms
D/AndroidRuntime(  820): 
D/AndroidRuntime(  820): >>>>>> AndroidRuntime START com.android.internal.os.RuntimeInit <<<<<<
D/AndroidRuntime(  820): CheckJNI is OFF
D/dalvikvm(  820): Using executionMode 2
D/EventBus(  469): No subscribers registered for event class com.vphone.launcher.game.event.ThemeEvent
D/EventBus(  469): No subscribers registered for event class org.greenrobot.eventbus.NoSubscriberEvent
D/dalvikvm(  820): Trying to load lib libjavacore.so 0x0
D/dalvikvm(  820): Added shared lib libjavacore.so 0x0
D/dalvikvm(  820): Trying to load lib libnativehelper.so 0x0
D/dalvikvm(  820): Added shared lib libnativehelper.so 0x0
D/dalvikvm(  820): No JNI_OnLoad found in libnativehelper.so 0x0, skipping init
D/dalvikvm(  820): Note: class Landroid/app/ActivityManagerNative; has 179 unimplemented (abstract) methods
E/memtrack(  820): Couldn't load memtrack module (No such file or directory)
E/android.os.Debug(  820): failed to load memtrack module: -2
D/AndroidRuntime(  820): Calling main entry com.android.commands.pm.Pm
D/AndroidRuntime(  820): Shutting down VM
E/cutils-trace(  820): Error opening trace file: No such file or directory (2)
D/dalvikvm(  820): GC_CONCURRENT freed 151K, 22% free 566K/720K, paused 0ms+0ms, total 1ms
D/dalvikvm(  355): GC_FOR_ALLOC freed 6471K, 60% free 4402K/10992K, paused 2ms, total 2ms
I/dalvikvm-heap(  355): Grow heap (frag case) to 10.602MB for 6553612-byte allocation
D/dalvikvm(  355): GC_CONCURRENT freed 7K, 2% free 10794K/10992K, paused 0ms+0ms, total 3ms
D/AndroidRuntime(  844): 
D/AndroidRuntime(  844): >>>>>> AndroidRuntime START com.android.internal.os.RuntimeInit <<<<<<
D/AndroidRuntime(  844): CheckJNI is OFF
D/dalvikvm(  844): Using executionMode 2
D/dalvikvm(  844): Trying to load lib libjavacore.so 0x0
D/dalvikvm(  844): Added shared lib libjavacore.so 0x0
D/dalvikvm(  844): Trying to load lib libnativehelper.so 0x0
D/dalvikvm(  844): Added shared lib libnativehelper.so 0x0
D/dalvikvm(  844): No JNI_OnLoad found in libnativehelper.so 0x0, skipping init
D/dalvikvm(  844): Note: class Landroid/app/ActivityManagerNative; has 179 unimplemented (abstract) methods
E/memtrack(  844): Couldn't load memtrack module (No such file or directory)
E/android.os.Debug(  844): failed to load memtrack module: -2
D/AndroidRuntime(  844): Calling main entry com.android.commands.pm.Pm
D/AndroidRuntime(  844): Shutting down VM
E/cutils-trace(  844): Error opening trace file: No such file or directory (2)
D/dalvikvm(  844): GC_CONCURRENT freed 147K, 21% free 567K/716K, paused 0ms+0ms, total 1ms
I/Choreographer(  355): Skipped 33 frames!  The application may be doing too much work on its main thread.
D/su      (  857): su invoked.
D/su      (  857): starting daemon client 0 0
D/su      (  859): remote pid: 857
D/su      (  859): remote pts_slave: 
D/su      (  859): waiting for child exit
D/su      (  861): su invoked.
D/su      (  861): Allowing root/system/radio.
D/su      (  861): 0 /system/bin/mksh executing 0 umount /mnt/sdcard/BigNoxGameHD using binary /system/bin/sh : sh -c umount /mnt/sdcard/BigNoxGameHD
D/su      (  859): sending code
D/su      (  859): child exited
D/su      (  857): client exited 1
D/su      (  864): su invoked.
D/su      (  864): starting daemon client 0 0
D/su      (  866): remote pid: 864
D/su      (  866): remote pts_slave: 
D/su      (  866): waiting for child exit
D/su      (  868): su invoked.
D/su      (  868): Allowing root/system/radio.
D/su      (  868): 0 /system/bin/mksh executing 0 mkdir -p /mnt/sdcard/BigNoxGameHD using binary /system/bin/sh : sh -c mkdir -p /mnt/sdcard/BigNoxGameHD
D/su      (  866): sending code
D/su      (  866): child exited
D/su      (  864): client exited 0
D/su      (  871): su invoked.
D/su      (  871): starting daemon client 0 0
D/su      (  873): remote pid: 871
D/su      (  873): remote pts_slave: 
D/su      (  873): waiting for child exit
D/su      (  875): su invoked.
D/su      (  875): Allowing root/system/radio.
D/su      (  875): 0 /system/bin/mksh executing 0 mount.vboxsf -o rw,uid=0,gid=1028 App /mnt/sdcard/BigNoxGameHD using binary /system/bin/sh : sh -c mount.vboxsf -o rw,uid=0,gid=1028 App /mnt/sdcard/BigNoxGameHD
D/su      (  873): sending code
D/su      (  873): child exited
D/su      (  871): client exited 0
D/su      (  880): su invoked.
D/su      (  880): starting daemon client 0 0
D/su      (  882): remote pid: 880
D/su      (  882): remote pts_slave: 
D/su      (  882): waiting for child exit
D/su      (  884): su invoked.
D/su      (  884): Allowing root/system/radio.
D/su      (  884): 0 /system/bin/mksh executing 0 umount /mnt/sdcard/Pictures/Screenshots/img using binary /system/bin/sh : sh -c umount /mnt/sdcard/Pictures/Screenshots/img
I/dalvikvm(  469): Could not find method android.widget.LinearLayout.<init>, referenced from method com.bigkoo.convenientbanner.ConvenientBanner.<init>
W/dalvikvm(  469): VFY: unable to resolve direct method 17827: Landroid/widget/LinearLayout;.<init> (Landroid/content/Context;Landroid/util/AttributeSet;II)V
D/dalvikvm(  469): VFY: replacing opcode 0x70 at 0x0002
D/su      (  882): sending code
D/su      (  882): child exited
D/su      (  880): client exited 1
D/su      (  887): su invoked.
D/su      (  887): starting daemon client 0 0
D/su      (  889): remote pid: 887
D/su      (  889): remote pts_slave: 
D/su      (  889): waiting for child exit
D/su      (  891): su invoked.
D/su      (  891): Allowing root/system/radio.
D/su      (  891): 0 /system/bin/mksh executing 0 mkdir -p /mnt/sdcard/Pictures/Screenshots/img using binary /system/bin/sh : sh -c mkdir -p /mnt/sdcard/Pictures/Screenshots/img
D/su      (  889): sending code
D/su      (  889): child exited
D/su      (  887): client exited 0
D/su      (  894): su invoked.
D/su      (  894): starting daemon client 0 0
D/su      (  896): remote pid: 894
D/su      (  896): remote pts_slave: 
D/su      (  896): waiting for child exit
D/su      (  898): su invoked.
D/su      (  898): Allowing root/system/radio.
D/su      (  898): 0 /system/bin/mksh executing 0 mount.vboxsf -o rw,uid=0,gid=1028 Image /mnt/sdcard/Pictures/Screenshots/img using binary /system/bin/sh : sh -c mount.vboxsf -o rw,uid=0,gid=1028 Image /mnt/sdcard/Pictures/Screenshots/img
D/su      (  896): sending code
D/su      (  896): child exited
D/su      (  894): client exited 0
D/su      (  902): su invoked.
D/su      (  902): starting daemon client 0 0
D/su      (  904): remote pid: 902
D/su      (  904): remote pts_slave: 
D/su      (  904): waiting for child exit
D/su      (  906): su invoked.
D/su      (  906): Allowing root/system/radio.
D/su      (  906): 0 /system/bin/mksh executing 0 umount /mnt/sdcard/Download/other using binary /system/bin/sh : sh -c umount /mnt/sdcard/Download/other
D/dalvikvm(  469): GC_CONCURRENT freed 39520K, 86% free 6635K/46212K, paused 1ms+1ms, total 5ms
D/dalvikvm(  469): WAIT_FOR_CONCURRENT_GC blocked 1ms
D/dalvikvm(  469): WAIT_FOR_CONCURRENT_GC blocked 2ms
D/su      (  904): sending code
D/su      (  904): child exited
D/su      (  902): client exited 1
D/su      (  910): su invoked.
D/su      (  910): starting daemon client 0 0
D/su      (  912): remote pid: 910
D/su      (  912): remote pts_slave: 
D/su      (  912): waiting for child exit
E/RecyclerView(  469): No adapter attached; skipping layout
E/RecyclerView(  469): No adapter attached; skipping layout
D/su      (  914): su invoked.
E/RecyclerView(  469): No adapter attached; skipping layout
E/RecyclerView(  469): No adapter attached; skipping layout
D/su      (  914): Allowing root/system/radio.
D/su      (  914): 0 /system/bin/mksh executing 0 mkdir -p /mnt/sdcard/Download/other using binary /system/bin/sh : sh -c mkdir -p /mnt/sdcard/Download/other
D/su      (  912): sending code
D/su      (  912): child exited
D/su      (  910): client exited 0
D/su      (  917): su invoked.
D/su      (  917): starting daemon client 0 0
D/su      (  919): remote pid: 917
D/su      (  919): remote pts_slave: 
D/su      (  919): waiting for child exit
D/su      (  921): su invoked.
D/su      (  921): Allowing root/system/radio.
D/su      (  921): 0 /system/bin/mksh executing 0 mount.vboxsf -o rw,uid=0,gid=1028 Other /mnt/sdcard/Download/other using binary /system/bin/sh : sh -c mount.vboxsf -o rw,uid=0,gid=1028 Other /mnt/sdcard/Download/other
D/su      (  919): sending code
D/su      (  919): child exited
D/su      (  917): client exited 0
D/su      (  925): su invoked.
D/su      (  925): starting daemon client 0 0
D/su      (  927): remote pid: 925
D/su      (  927): remote pts_slave: 
D/su      (  927): waiting for child exit
D/su      (  929): su invoked.
D/su      (  929): Allowing root/system/radio.
D/su      (  929): 0 /system/bin/mksh executing 0 cp -rf /mnt/shared/Image/*.* /mnt/sdcard/Pictures/Screenshots using binary /system/bin/sh : sh -c cp -rf /mnt/shared/Image/*.* /mnt/sdcard/Pictures/Screenshots
D/su      (  927): sending code
D/su      (  927): child exited
D/su      (  925): client exited 1
D/dalvikvm(  469): GC_FOR_ALLOC freed 459K, 86% free 6705K/46212K, paused 5ms, total 5ms
I/dalvikvm-heap(  469): Grow heap (frag case) to 8.359MB for 1843212-byte allocation
D/dalvikvm(  469): GC_FOR_ALLOC freed <1K, 82% free 8505K/46212K, paused 6ms, total 6ms
W/DebugConnManager(  469): getNetworkInfo() on networkType 1
D/dalvikvm(  469): GC_CONCURRENT freed 19K, 82% free 8522K/46212K, paused 2ms+2ms, total 10ms
D/dalvikvm(  469): GC_FOR_ALLOC freed 100K, 82% free 8570K/46212K, paused 4ms, total 4ms
W/DebugConnManager(  469): getNetworkInfo() on networkType 1
D/dalvikvm(  469): GC_CONCURRENT freed 1K, 78% free 10370K/46212K, paused 1ms+2ms, total 5ms
W/DebugConnManager(  469): getNetworkInfo() on networkType 1
W/DebugConnManager(  469): getNetworkInfo() on networkType 1
W/DebugConnManager(  469): getNetworkInfo() on networkType 1
D/dalvikvm(  469): GC_FOR_ALLOC freed 2248K, 81% free 9219K/46212K, paused 4ms, total 4ms
D/AndroidRuntime(  931): 
D/AndroidRuntime(  931): >>>>>> AndroidRuntime START com.android.internal.os.RuntimeInit <<<<<<
D/dalvikvm(  469): GC_FOR_ALLOC freed 56K, 77% free 10963K/46212K, paused 11ms, total 11ms
D/dalvikvm(  469): GC_CONCURRENT freed 2524K, 77% free 11089K/46212K, paused 2ms+0ms, total 6ms
D/dalvikvm(  469): GC_FOR_ALLOC freed 1198K, 74% free 12326K/46212K, paused 5ms, total 6ms
D/dalvikvm(  469): GC_CONCURRENT freed 4211K, 76% free 11201K/46212K, paused 2ms+2ms, total 8ms
D/dalvikvm(  469): GC_CONCURRENT freed 1095K, 73% free 12894K/46212K, paused 5ms+2ms, total 12ms
D/dalvikvm(  469): WAIT_FOR_CONCURRENT_GC blocked 7ms
D/dalvikvm(  469): WAIT_FOR_CONCURRENT_GC blocked 7ms
D/dalvikvm(  469): WAIT_FOR_CONCURRENT_GC blocked 8ms
D/dalvikvm(  469): WAIT_FOR_CONCURRENT_GC blocked 8ms
D/dalvikvm(  469): GC_CONCURRENT freed 1593K, 69% free 14564K/46212K, paused 1ms+2ms, total 9ms
D/AndroidRuntime(  931): CheckJNI is OFF
D/dalvikvm(  931): Using executionMode 2
D/dalvikvm(  931): Trying to load lib libjavacore.so 0x0
D/dalvikvm(  931): Added shared lib libjavacore.so 0x0
D/dalvikvm(  931): Trying to load lib libnativehelper.so 0x0
D/dalvikvm(  931): Added shared lib libnativehelper.so 0x0
D/dalvikvm(  931): No JNI_OnLoad found in libnativehelper.so 0x0, skipping init
D/dalvikvm(  931): Note: class Landroid/app/ActivityManagerNative; has 179 unimplemented (abstract) methods
D/dalvikvm(  469): GC_CONCURRENT freed 1801K, 64% free 16672K/46212K, paused 2ms+1ms, total 9ms
D/dalvikvm(  469): WAIT_FOR_CONCURRENT_GC blocked 3ms
D/dalvikvm(  469): WAIT_FOR_CONCURRENT_GC blocked 4ms
D/dalvikvm(  469): WAIT_FOR_CONCURRENT_GC blocked 7ms
E/memtrack(  931): Couldn't load memtrack module (No such file or directory)
E/android.os.Debug(  931): failed to load memtrack module: -2
D/AndroidRuntime(  931): Calling main entry com.android.commands.settings.SettingsCmd
D/AndroidRuntime(  931): Shutting down VM
E/cutils-trace(  931): Error opening trace file: No such file or directory (2)
D/dalvikvm(  931): GC_CONCURRENT freed 96K, 15% free 562K/660K, paused 0ms+0ms, total 0ms
D/dalvikvm(  469): GC_CONCURRENT freed 2502K, 60% free 18780K/46212K, paused 1ms+1ms, total 9ms
D/dalvikvm(  469): WAIT_FOR_CONCURRENT_GC blocked 5ms
D/dalvikvm(  469): WAIT_FOR_CONCURRENT_GC blocked 8ms
D/dalvikvm(  469): WAIT_FOR_CONCURRENT_GC blocked 6ms
D/dalvikvm(  469): GC_CONCURRENT freed 2240K, 53% free 21853K/46212K, paused 1ms+1ms, total 21ms
D/dalvikvm(  469): WAIT_FOR_CONCURRENT_GC blocked 6ms
D/dalvikvm(  469): WAIT_FOR_CONCURRENT_GC blocked 16ms
D/dalvikvm(  469): WAIT_FOR_CONCURRENT_GC blocked 17ms
D/dalvikvm(  469): WAIT_FOR_CONCURRENT_GC blocked 5ms
I/FusedLocation(  266): engine stopped (com.android.location.fused)
I/FusedLocation(  266): engine started (com.android.location.fused)
I/FusedLocation(  266): engine started (com.android.location.fused)
D/BluetoothAdapter(  438): 1249578788: getState() :  mService = null. Returning STATE_OFF
E/RemotePrintSpooler(  266): Error removing obsolete print jobs .
E/RemotePrintSpooler(  266): java.util.concurrent.TimeoutException: Cannot get spooler!
E/RemotePrintSpooler(  266): 	at com.android.server.print.RemotePrintSpooler.bindLocked(RemotePrintSpooler.java:376)
E/RemotePrintSpooler(  266): 	at com.android.server.print.RemotePrintSpooler.getRemoteInstanceLazy(RemotePrintSpooler.java:352)
E/RemotePrintSpooler(  266): 	at com.android.server.print.RemotePrintSpooler.removeObsoletePrintJobs(RemotePrintSpooler.java:287)
E/RemotePrintSpooler(  266): 	at com.android.server.print.UserState.removeObsoletePrintJobs(UserState.java:163)
E/RemotePrintSpooler(  266): 	at com.android.server.print.PrintManagerService$1.run(PrintManagerService.java:94)
E/RemotePrintSpooler(  266): 	at android.os.Handler.handleCallback(Handler.java:733)
E/RemotePrintSpooler(  266): 	at android.os.Handler.dispatchMessage(Handler.java:95)
E/RemotePrintSpooler(  266): 	at android.os.Looper.loop(Looper.java:136)
E/RemotePrintSpooler(  266): 	at android.os.HandlerThread.run(HandlerThread.java:61)
W/DebugConnManager(  266): getNetworkInfo() on networkType 1
E/GpsLocationProvider(  266): no AGPS interface in set_agps_server
D/GpsLocationProvider(  266): NTP server returned: 1562225213443 (Thu Jul 04 15:26:53 GMT+08:00 2019) reference: 11384 certainty: 162 system time offset: -6614
E/local_gps(  162): Can't send RMC command
D/CaptivePortalTracker(  266): DelayedCaptiveCheckState{ when=-7ms what=2 arg1=1 target=com.android.internal.util.StateMachine$SmHandler }
D/ConnectivityService(  266): setProvNotificationVisible: E visible=false networkType=1 extraInfo=null url=null
D/CaptivePortalTracker(  266): Checking http://216.58.200.238/generate_204
W/ActivityThread(  266): ClassLoader.loadClass: The class loader returned by Thread.getContextClassLoader() may fail for processes that host multiple applications. You should explicitly specify a context class loader. For example: Thread.setContextClassLoader(getClass().getClassLoader());
D/SettingsProvider(  266): User 0 external modification to /data/data/com.android.providers.settings/databases/settings.db; event=8
D/SettingsProvider(  266): User 0 updating our caches for /data/data/com.android.providers.settings/databases/settings.db
W/DebugConnManager(  469): getNetworkInfo() on networkType 1
I/ActivityManager(  266): Waited long enough for: ServiceRecord{4a8f2580 u0 com.bignox.app.store.hd/.services.StoreService}
D/CaptivePortalTracker(  266): Probably not a portal: exception java.net.SocketTimeoutException: failed to connect to /216.58.200.238 (port 80) after 10000ms
D/CaptivePortalTracker(  266): Don't send network conditions - lacking user consent.
D/CaptivePortalTracker(  266): Not captive network NetworkInfo: type: WIFI[], state: CONNECTED/CONNECTED, reason: (unspecified), extra: "AndroidAP", roaming: false, failover: false, isAvailable: true, isConnectedToProvisioningNetwork: false
D/CaptivePortalTracker(  266): notifyPortalCheckCompleted: captive=false ni=NetworkInfo: type: WIFI[], state: CONNECTED/CONNECTED, reason: (unspecified), extra: "AndroidAP", roaming: false, failover: false, isAvailable: true, isConnectedToProvisioningNetwork: false
D/ConnectivityService(  266): captivePortalCheckCompleted: ni=NetworkInfo: type: WIFI[], state: CONNECTED/CONNECTED, reason: (unspecified), extra: "AndroidAP", roaming: false, failover: false, isAvailable: true, isConnectedToProvisioningNetwork: false captive=false
D/SettingsProvider(  266): User 0 external modification to /data/data/com.android.providers.settings/databases/settings.db; event=8
D/SettingsProvider(  266): User 0 updating our caches for /data/data/com.android.providers.settings/databases/settings.db
D/dalvikvm(  266): GC_CONCURRENT freed 457K, 9% free 5452K/5976K, paused 1ms+1ms, total 5ms
D/ConnectivityService(  266): Sampling interval elapsed, updating statistics ..
D/ConnectivityService(  266): Done.
D/ConnectivityService(  266): Setting timer for 720seconds
D/SettingsProvider(  266): User 0 external modification to /data/data/com.android.providers.settings/databases/settings.db; event=8
D/SettingsProvider(  266): User 0 updating our caches for /data/data/com.android.providers.settings/databases/settings.db
D/SettingsProvider(  266): User 0 external modification to /data/data/com.android.providers.settings/databases/settings.db; event=8
D/SettingsProvider(  266): User 0 updating our caches for /data/data/com.android.providers.settings/databases/settings.db
D/SettingsProvider(  266): User 0 external modification to /data/data/com.android.providers.settings/databases/settings.db; event=8
D/SettingsProvider(  266): User 0 updating our caches for /data/data/com.android.providers.settings/databases/settings.db
D/SettingsProvider(  266): User 0 external modification to /data/data/com.android.providers.settings/databases/settings.db; event=8
D/SettingsProvider(  266): User 0 updating our caches for /data/data/com.android.providers.settings/databases/settings.db
E/shadowsocks(  984): remote recv: Connection reset by peer
E/shadowsocks(  984): remote recv: Connection reset by peer
D/dalvikvm(  266): GC_CONCURRENT freed 518K, 10% free 5464K/6056K, paused 0ms+0ms, total 5ms
D/ConnectivityService(  266): Sampling interval elapsed, updating statistics ..
D/ConnectivityService(  266): Done.
D/ConnectivityService(  266): Setting timer for 720seconds
D/dalvikvm(  458): GC_CONCURRENT freed 287K, 10% free 3332K/3680K, paused 0ms+0ms, total 3ms
D/ConnectivityService(  266): Sampling interval elapsed, updating statistics ..
D/ConnectivityService(  266): Done.
D/ConnectivityService(  266): Setting timer for 720seconds
D/dalvikvm(  266): GC_CONCURRENT freed 516K, 10% free 5482K/6076K, paused 2ms+2ms, total 21ms
W/BatteryStatsImpl(  266): Couldn't get kernel wake lock stats
I/ProcessStatsService(  266): Prepared write state in 1ms
I/ProcessStatsService(  266): Prepared write state in 0ms
D/SettingsProvider(  266): User 0 external modification to /data/data/com.android.providers.settings/databases/settings.db; event=8
D/SettingsProvider(  266): User 0 updating our caches for /data/data/com.android.providers.settings/databases/settings.db
D/AndroidRuntime( 1295): 
D/AndroidRuntime( 1295): >>>>>> AndroidRuntime START com.android.internal.os.RuntimeInit <<<<<<
D/AndroidRuntime( 1295): CheckJNI is OFF
D/dalvikvm( 1295): Using executionMode 2
D/dalvikvm( 1295): Trying to load lib libjavacore.so 0x0
D/dalvikvm( 1295): Added shared lib libjavacore.so 0x0
D/dalvikvm( 1295): Trying to load lib libnativehelper.so 0x0
D/dalvikvm( 1295): Added shared lib libnativehelper.so 0x0
D/dalvikvm( 1295): No JNI_OnLoad found in libnativehelper.so 0x0, skipping init
D/dalvikvm( 1295): Note: class Landroid/app/ActivityManagerNative; has 179 unimplemented (abstract) methods
E/memtrack( 1295): Couldn't load memtrack module (No such file or directory)
E/android.os.Debug( 1295): failed to load memtrack module: -2
D/AndroidRuntime( 1295): Calling main entry com.android.commands.am.Am
D/AndroidRuntime( 1295): Shutting down VM
E/cutils-trace( 1295): Error opening trace file: No such file or directory (2)
D/dalvikvm( 1295): GC_CONCURRENT freed 96K, 15% free 585K/684K, paused 0ms+0ms, total 0ms
W/DebugConnManager(  469): getNetworkInfo() on networkType 1
W/Launcher(  469): setApplicationContext called twice! old=com.vphone.launcher.LauncherApplication@4a7ad098 new=com.vphone.launcher.LauncherApplication@4a7ad098
D/dalvikvm(  469): GC_CONCURRENT freed 3408K, 47% free 24733K/46212K, paused 0ms+1ms, total 11ms
D/Launcher.Model(  469): 11683562 - loadWorkspaceScreensDb()
D/Launcher.Model(  469): 11683562 -   screens: { 0: 1 }
D/Launcher.Model(  469): 11683562 - updateWorkspaceScreenOrder()
D/Launcher.Model(  469): 11683562 -   screens: 1
D/Launcher(  469): 11683562 - bindAddScreens()
D/Launcher(  469): 11683562 -   orderedScreenIds: 
D/Launcher.Workspace(  469): 11683562 - removeExtraEmptyScreen()
D/Launcher.Workspace(  469): 11683562 - convertFinalScreenToEmptyScreenIfNecessary()
D/su      ( 1317): su invoked.
D/su      ( 1317): starting daemon client 0 0
D/su      ( 1319): remote pid: 1317
D/su      ( 1319): remote pts_slave: 
D/su      ( 1319): waiting for child exit
D/su      ( 1321): su invoked.
D/su      ( 1321): Allowing root/system/radio.
D/su      ( 1321): 0 /system/bin/mksh executing 0 chmod 777 /mnt/shared/App/20190704160141774.apk using binary /system/bin/sh : sh -c chmod 777 /mnt/shared/App/20190704160141774.apk
D/su      ( 1319): sending code
D/su      ( 1319): child exited
D/su      ( 1317): client exited 0
D/AndroidRuntime( 1322): 
D/AndroidRuntime( 1322): >>>>>> AndroidRuntime START com.android.internal.os.RuntimeInit <<<<<<
D/AndroidRuntime( 1322): CheckJNI is OFF
D/dalvikvm( 1322): Using executionMode 2
D/dalvikvm( 1322): Trying to load lib libjavacore.so 0x0
D/dalvikvm( 1322): Added shared lib libjavacore.so 0x0
D/dalvikvm( 1322): Trying to load lib libnativehelper.so 0x0
D/dalvikvm( 1322): Added shared lib libnativehelper.so 0x0
D/dalvikvm( 1322): No JNI_OnLoad found in libnativehelper.so 0x0, skipping init
D/dalvikvm( 1322): Note: class Landroid/app/ActivityManagerNative; has 179 unimplemented (abstract) methods
E/memtrack( 1322): Couldn't load memtrack module (No such file or directory)
E/android.os.Debug( 1322): failed to load memtrack module: -2
D/AndroidRuntime( 1322): Calling main entry com.android.commands.pm.Pm
I/dalvikvm( 1331): ignoring registerObject request in thread=1
I/dalvikvm( 1331): ignoring registerObject request in thread=1
I/ActivityManager(  266): Start proc com.android.defcontainer for service com.android.defcontainer/.DefaultContainerService: pid=1331 uid=10003 gids={50003, 1028, 1015, 1023, 3003, 2001, 1035}
W/ActivityManager(  266): No content provider found for permission revoke: file:///mnt/shared/App/20190704160141774.apk
W/ActivityManager(  266): No content provider found for permission revoke: file:///mnt/shared/App/20190704160141774.apk
I/PackageManager(  266): Copying native libraries to /data/app-lib/vmdl2114468074
W/PackageParser(  266): Unknown element under <manifest>: meta-data at /data/app/vmdl2114468074.tmp Binary XML file line #43
D/dalvikvm(  266): GC_CONCURRENT freed 439K, 9% free 5604K/6116K, paused 3ms+1ms, total 7ms
D/dalvikvm(  266): GC_FOR_ALLOC freed 271K, 8% free 5878K/6340K, paused 5ms, total 5ms
D/dalvikvm(  266): GC_FOR_ALLOC freed 397K, 12% free 5937K/6680K, paused 4ms, total 4ms
D/dalvikvm(  266): GC_CONCURRENT freed 342K, 7% free 6291K/6700K, paused 3ms+2ms, total 9ms
D/dalvikvm(  266): GC_CONCURRENT freed 406K, 7% free 6685K/7160K, paused 0ms+1ms, total 5ms
I/PackageManager(  266): Running dexopt on: com.lemon.lemonban
W/dalvikvm( 1343): method Landroid/support/v7/widget/ListViewCompat;.lookForSelectablePosition incorrectly overrides package-private method with same name in Landroid/widget/ListView;
D/dalvikvm( 1343): DexOpt: 'Lorg/apache/http/ConnectionClosedException;' has an earlier definition; blocking out
D/dalvikvm( 1343): DexOpt: 'Lorg/apache/http/ConnectionReuseStrategy;' has an earlier definition; blocking out
D/dalvikvm( 1343): DexOpt: 'Lorg/apache/http/Header;' has an earlier definition; blocking out
D/dalvikvm( 1343): DexOpt: 'Lorg/apache/http/HeaderElement;' has an earlier definition; blocking out
D/dalvikvm( 1343): DexOpt: 'Lorg/apache/http/HeaderElementIterator;' has an earlier definition; blocking out
D/dalvikvm( 1343): DexOpt: 'Lorg/apache/http/HeaderIterator;' has an earlier definition; blocking out
D/dalvikvm( 1343): DexOpt: 'Lorg/apache/http/HttpConnection;' has an earlier definition; blocking out
D/dalvikvm( 1343): DexOpt: 'Lorg/apache/http/HttpConnectionMetrics;' has an earlier definition; blocking out
D/dalvikvm( 1343): DexOpt: 'Lorg/apache/http/HttpEntity;' has an earlier definition; blocking out
D/dalvikvm( 1343): DexOpt: 'Lorg/apache/http/HttpException;' has an earlier definition; blocking out
D/dalvikvm( 1343): DexOpt: 'Lorg/apache/http/HttpHost;' has an earlier definition; blocking out
D/dalvikvm( 1343): DexOpt: 'Lorg/apache/http/HttpMessage;' has an earlier definition; blocking out
D/dalvikvm( 1343): DexOpt: 'Lorg/apache/http/HttpRequestFactory;' has an earlier definition; blocking out
D/dalvikvm( 1343): DexOpt: 'Lorg/apache/http/HttpRequestInterceptor;' has an earlier definition; blocking out
D/dalvikvm( 1343): DexOpt: 'Lorg/apache/http/HttpResponseFactory;' has an earlier definition; blocking out
D/dalvikvm( 1343): DexOpt: 'Lorg/apache/http/HttpResponseInterceptor;' has an earlier definition; blocking out
D/dalvikvm( 1343): DexOpt: 'Lorg/apache/http/HttpStatus;' has an earlier definition; blocking out
D/dalvikvm( 1343): DexOpt: 'Lorg/apache/http/MalformedChunkCodingException;' has an earlier definition; blocking out
D/dalvikvm( 1343): DexOpt: 'Lorg/apache/http/NameValuePair;' has an earlier definition; blocking out
D/dalvikvm( 1343): DexOpt: 'Lorg/apache/http/NoHttpResponseException;' has an earlier definition; blocking out
D/dalvikvm( 1343): DexOpt: 'Lorg/apache/http/ParseException;' has an earlier definition; blocking out
D/dalvikvm( 1343): DexOpt: 'Lorg/apache/http/ProtocolVersion;' has an earlier definition; blocking out
