D/dalvikvm( 1343): DexOpt: 'Lorg/apache/http/ReasonPhraseCatalog;' has an earlier definition; blocking out
D/dalvikvm( 1343): DexOpt: 'Lorg/apache/http/RequestLine;' has an earlier definition; blocking out
D/dalvikvm( 1343): DexOpt: 'Lorg/apache/http/StatusLine;' has an earlier definition; blocking out
D/dalvikvm( 1343): DexOpt: 'Lorg/apache/http/TokenIterator;' has an earlier definition; blocking out
D/dalvikvm( 1343): DexOpt: 'Lorg/apache/http/entity/ContentLengthStrategy;' has an earlier definition; blocking out
D/dalvikvm( 1343): DexOpt: 'Lorg/apache/http/entity/ContentProducer;' has an earlier definition; blocking out
D/dalvikvm( 1343): DexOpt: 'Lorg/apache/http/impl/entity/EntityDeserializer;' has an earlier definition; blocking out
D/dalvikvm( 1343): DexOpt: 'Lorg/apache/http/impl/entity/EntitySerializer;' has an earlier definition; blocking out
D/dalvikvm( 1343): DexOpt: 'Lorg/apache/http/impl/io/ChunkedInputStream;' has an earlier definition; blocking out
D/dalvikvm( 1343): DexOpt: 'Lorg/apache/http/impl/io/ChunkedOutputStream;' has an earlier definition; blocking out
D/dalvikvm( 1343): DexOpt: 'Lorg/apache/http/impl/io/ContentLengthInputStream;' has an earlier definition; blocking out
D/dalvikvm( 1343): DexOpt: 'Lorg/apache/http/impl/io/ContentLengthOutputStream;' has an earlier definition; blocking out
D/dalvikvm( 1343): DexOpt: 'Lorg/apache/http/impl/io/IdentityInputStream;' has an earlier definition; blocking out
D/dalvikvm( 1343): DexOpt: 'Lorg/apache/http/impl/io/IdentityOutputStream;' has an earlier definition; blocking out
D/dalvikvm( 1343): DexOpt: 'Lorg/apache/http/io/HttpMessageParser;' has an earlier definition; blocking out
D/dalvikvm( 1343): DexOpt: 'Lorg/apache/http/io/HttpMessageWriter;' has an earlier definition; blocking out
D/dalvikvm( 1343): DexOpt: 'Lorg/apache/http/io/HttpTransportMetrics;' has an earlier definition; blocking out
D/dalvikvm( 1343): DexOpt: 'Lorg/apache/http/io/SessionInputBuffer;' has an earlier definition; blocking out
D/dalvikvm( 1343): DexOpt: 'Lorg/apache/http/io/SessionOutputBuffer;' has an earlier definition; blocking out
D/dalvikvm( 1343): DexOpt: 'Lorg/apache/http/message/HeaderGroup;' has an earlier definition; blocking out
D/dalvikvm( 1343): DexOpt: 'Lorg/apache/http/message/HeaderValueFormatter;' has an earlier definition; blocking out
D/dalvikvm( 1343): DexOpt: 'Lorg/apache/http/message/HeaderValueParser;' has an earlier definition; blocking out
D/dalvikvm( 1343): DexOpt: 'Lorg/apache/http/message/LineFormatter;' has an earlier definition; blocking out
D/dalvikvm( 1343): DexOpt: 'Lorg/apache/http/message/LineParser;' has an earlier definition; blocking out
D/dalvikvm( 1343): DexOpt: 'Lorg/apache/http/message/ParserCursor;' has an earlier definition; blocking out
D/dalvikvm( 1343): DexOpt: 'Lorg/apache/http/params/CoreConnectionPNames;' has an earlier definition; blocking out
D/dalvikvm( 1343): DexOpt: 'Lorg/apache/http/params/CoreProtocolPNames;' has an earlier definition; blocking out
D/dalvikvm( 1343): DexOpt: 'Lorg/apache/http/params/HttpAbstractParamBean;' has an earlier definition; blocking out
D/dalvikvm( 1343): DexOpt: 'Lorg/apache/http/params/HttpParams;' has an earlier definition; blocking out
D/dalvikvm( 1343): DexOpt: 'Lorg/apache/http/protocol/ExecutionContext;' has an earlier definition; blocking out
D/dalvikvm( 1343): DexOpt: 'Lorg/apache/http/protocol/HTTP;' has an earlier definition; blocking out
D/dalvikvm( 1343): DexOpt: 'Lorg/apache/http/protocol/HttpContext;' has an earlier definition; blocking out
D/dalvikvm( 1343): DexOpt: 'Lorg/apache/http/protocol/HttpDateGenerator;' has an earlier definition; blocking out
D/dalvikvm( 1343): DexOpt: 'Lorg/apache/http/protocol/HttpExpectationVerifier;' has an earlier definition; blocking out
D/dalvikvm( 1343): DexOpt: 'Lorg/apache/http/protocol/HttpRequestExecutor;' has an earlier definition; blocking out
D/dalvikvm( 1343): DexOpt: 'Lorg/apache/http/protocol/HttpRequestHandler;' has an earlier definition; blocking out
D/dalvikvm( 1343): DexOpt: 'Lorg/apache/http/protocol/HttpRequestHandlerResolver;' has an earlier definition; blocking out
D/dalvikvm( 1343): DexOpt: 'Lorg/apache/http/protocol/HttpRequestInterceptorList;' has an earlier definition; blocking out
D/dalvikvm( 1343): DexOpt: 'Lorg/apache/http/protocol/HttpResponseInterceptorList;' has an earlier definition; blocking out
D/dalvikvm( 1343): DexOpt: 'Lorg/apache/http/protocol/HttpService;' has an earlier definition; blocking out
D/dalvikvm( 1343): DexOpt: 'Lorg/apache/http/protocol/UriPatternMatcher;' has an earlier definition; blocking out
D/dalvikvm( 1343): DexOpt: 'Lorg/apache/http/util/ByteArrayBuffer;' has an earlier definition; blocking out
D/dalvikvm( 1343): DexOpt: 'Lorg/apache/http/util/CharArrayBuffer;' has an earlier definition; blocking out
D/dalvikvm( 1343): DexOpt: 'Lorg/apache/http/util/EncodingUtils;' has an earlier definition; blocking out
D/dalvikvm( 1343): DexOpt: 'Lorg/apache/http/util/EntityUtils;' has an earlier definition; blocking out
D/dalvikvm( 1343): DexOpt: 'Lorg/apache/http/util/ExceptionUtils;' has an earlier definition; blocking out
D/dalvikvm( 1343): DexOpt: 'Lorg/apache/http/util/LangUtils;' has an earlier definition; blocking out
D/dalvikvm( 1343): DexOpt: 'Lorg/apache/http/util/VersionInfo;' has an earlier definition; blocking out
D/dalvikvm( 1343): DexOpt: 'Lorg/apache/http/FormattedHeader;' has an earlier definition; blocking out
D/dalvikvm( 1343): DexOpt: 'Lorg/apache/http/HttpClientConnection;' has an earlier definition; blocking out
D/dalvikvm( 1343): DexOpt: 'Lorg/apache/http/HttpInetConnection;' has an earlier definition; blocking out
D/dalvikvm( 1343): DexOpt: 'Lorg/apache/http/HttpRequest;' has an earlier definition; blocking out
D/dalvikvm( 1343): DexOpt: 'Lorg/apache/http/HttpResponse;' has an earlier definition; blocking out
D/dalvikvm( 1343): DexOpt: 'Lorg/apache/http/HttpServerConnection;' has an earlier definition; blocking out
D/dalvikvm( 1343): DexOpt: 'Lorg/apache/http/HttpVersion;' has an earlier definition; blocking out
D/dalvikvm( 1343): DexOpt: 'Lorg/apache/http/MethodNotSupportedException;' has an earlier definition; blocking out
D/dalvikvm( 1343): DexOpt: 'Lorg/apache/http/ProtocolException;' has an earlier definition; blocking out
D/dalvikvm( 1343): DexOpt: 'Lorg/apache/http/entity/AbstractHttpEntity;' has an earlier definition; blocking out
D/dalvikvm( 1343): DexOpt: 'Lorg/apache/http/entity/HttpEntityWrapper;' has an earlier definition; blocking out
D/dalvikvm( 1343): DexOpt: 'Lorg/apache/http/impl/DefaultConnectionReuseStrategy;' has an earlier definition; blocking out
D/dalvikvm( 1343): DexOpt: 'Lorg/apache/http/impl/DefaultHttpRequestFactory;' has an earlier definition; blocking out
D/dalvikvm( 1343): DexOpt: 'Lorg/apache/http/impl/DefaultHttpResponseFactory;' has an earlier definition; blocking out
D/dalvikvm( 1343): DexOpt: 'Lorg/apache/http/impl/EnglishReasonPhraseCatalog;' has an earlier definition; blocking out
D/dalvikvm( 1343): DexOpt: 'Lorg/apache/http/impl/HttpConnectionMetricsImpl;' has an earlier definition; blocking out
D/dalvikvm( 1343): DexOpt: 'Lorg/apache/http/impl/NoConnectionReuseStrategy;' has an earlier definition; blocking out
D/dalvikvm( 1343): DexOpt: 'Lorg/apache/http/impl/entity/LaxContentLengthStrategy;' has an earlier definition; blocking out
D/dalvikvm( 1343): DexOpt: 'Lorg/apache/http/impl/entity/StrictContentLengthStrategy;' has an earlier definition; blocking out
D/dalvikvm( 1343): DexOpt: 'Lorg/apache/http/impl/io/AbstractMessageParser;' has an earlier definition; blocking out
D/dalvikvm( 1343): DexOpt: 'Lorg/apache/http/impl/io/AbstractMessageWriter;' has an earlier definition; blocking out
D/dalvikvm( 1343): DexOpt: 'Lorg/apache/http/impl/io/AbstractSessionInputBuffer;' has an earlier definition; blocking out
D/dalvikvm( 1343): DexOpt: 'Lorg/apache/http/impl/io/AbstractSessionOutputBuffer;' has an earlier definition; blocking out
D/dalvikvm( 1343): DexOpt: 'Lorg/apache/http/impl/io/HttpTransportMetricsImpl;' has an earlier definition; blocking out
D/dalvikvm( 1343): DexOpt: 'Lorg/apache/http/message/AbstractHttpMessage;' has an earlier definition; blocking out
D/dalvikvm( 1343): DexOpt: 'Lorg/apache/http/message/BasicHeader;' has an earlier definition; blocking out
D/dalvikvm( 1343): DexOpt: 'Lorg/apache/http/message/BasicHeaderElement;' has an earlier definition; blocking out
D/dalvikvm( 1343): DexOpt: 'Lorg/apache/http/message/BasicHeaderElementIterator;' has an earlier definition; blocking out
D/dalvikvm( 1343): DexOpt: 'Lorg/apache/http/message/BasicHeaderIterator;' has an earlier definition; blocking out
D/dalvikvm( 1343): DexOpt: 'Lorg/apache/http/message/BasicHeaderValueFormatter;' has an earlier definition; blocking out
D/dalvikvm( 1343): DexOpt: 'Lorg/apache/http/message/BasicHeaderValueParser;' has an earlier definition; blocking out
D/dalvikvm( 1343): DexOpt: 'Lorg/apache/http/message/BasicLineFormatter;' has an earlier definition; blocking out
D/dalvikvm( 1343): DexOpt: 'Lorg/apache/http/message/BasicLineParser;' has an earlier definition; blocking out
D/dalvikvm( 1343): DexOpt: 'Lorg/apache/http/message/BasicListHeaderIterator;' has an earlier definition; blocking out
D/dalvikvm( 1343): DexOpt: 'Lorg/apache/http/message/BasicNameValuePair;' has an earlier definition; blocking out
D/dalvikvm( 1343): DexOpt: 'Lorg/apache/http/message/BasicRequestLine;' has an earlier definition; blocking out
D/dalvikvm( 1343): DexOpt: 'Lorg/apache/http/message/BasicStatusLine;' has an earlier definition; blocking out
D/dalvikvm( 1343): DexOpt: 'Lorg/apache/http/message/BasicTokenIterator;' has an earlier definition; blocking out
D/dalvikvm( 1343): DexOpt: 'Lorg/apache/http/params/AbstractHttpParams;' has an earlier definition; blocking out
D/dalvikvm( 1343): DexOpt: 'Lorg/apache/http/params/HttpConnectionParamBean;' has an earlier definition; blocking out
D/dalvikvm( 1343): DexOpt: 'Lorg/apache/http/params/HttpConnectionParams;' has an earlier definition; blocking out
D/dalvikvm( 1343): DexOpt: 'Lorg/apache/http/params/HttpProtocolParamBean;' has an earlier definition; blocking out
D/dalvikvm( 1343): DexOpt: 'Lorg/apache/http/params/HttpProtocolParams;' has an earlier definition; blocking out
D/dalvikvm( 1343): DexOpt: 'Lorg/apache/http/protocol/BasicHttpContext;' has an earlier definition; blocking out
D/dalvikvm( 1343): DexOpt: 'Lorg/apache/http/protocol/DefaultedHttpContext;' has an earlier definition; blocking out
D/dalvikvm( 1343): DexOpt: 'Lorg/apache/http/protocol/HttpProcessor;' has an earlier definition; blocking out
D/dalvikvm( 1343): DexOpt: 'Lorg/apache/http/protocol/HttpRequestHandlerRegistry;' has an earlier definition; blocking out
D/dalvikvm( 1343): DexOpt: 'Lorg/apache/http/protocol/RequestConnControl;' has an earlier definition; blocking out
D/dalvikvm( 1343): DexOpt: 'Lorg/apache/http/protocol/RequestContent;' has an earlier definition; blocking out
D/dalvikvm( 1343): DexOpt: 'Lorg/apache/http/protocol/RequestDate;' has an earlier definition; blocking out
D/dalvikvm( 1343): DexOpt: 'Lorg/apache/http/protocol/RequestExpectContinue;' has an earlier definition; blocking out
D/dalvikvm( 1343): DexOpt: 'Lorg/apache/http/protocol/RequestTargetHost;' has an earlier definition; blocking out
D/dalvikvm( 1343): DexOpt: 'Lorg/apache/http/protocol/RequestUserAgent;' has an earlier definition; blocking out
D/dalvikvm( 1343): DexOpt: 'Lorg/apache/http/protocol/ResponseConnControl;' has an earlier definition; blocking out
D/dalvikvm( 1343): DexOpt: 'Lorg/apache/http/protocol/ResponseContent;' has an earlier definition; blocking out
D/dalvikvm( 1343): DexOpt: 'Lorg/apache/http/protocol/ResponseDate;' has an earlier definition; blocking out
D/dalvikvm( 1343): DexOpt: 'Lorg/apache/http/protocol/ResponseServer;' has an earlier definition; blocking out
D/dalvikvm( 1343): DexOpt: 'Lorg/apache/http/HttpEntityEnclosingRequest;' has an earlier definition; blocking out
D/dalvikvm( 1343): DexOpt: 'Lorg/apache/http/UnsupportedHttpVersionException;' has an earlier definition; blocking out
D/dalvikvm( 1343): DexOpt: 'Lorg/apache/http/entity/BasicHttpEntity;' has an earlier definition; blocking out
D/dalvikvm( 1343): DexOpt: 'Lorg/apache/http/entity/BufferedHttpEntity;' has an earlier definition; blocking out
D/dalvikvm( 1343): DexOpt: 'Lorg/apache/http/entity/ByteArrayEntity;' has an earlier definition; blocking out
D/dalvikvm( 1343): DexOpt: 'Lorg/apache/http/entity/EntityTemplate;' has an earlier definition; blocking out
D/dalvikvm( 1343): DexOpt: 'Lorg/apache/http/entity/FileEntity;' has an earlier definition; blocking out
D/dalvikvm( 1343): DexOpt: 'Lorg/apache/http/entity/InputStreamEntity;' has an earlier definition; blocking out
D/dalvikvm( 1343): DexOpt: 'Lorg/apache/http/entity/SerializableEntity;' has an earlier definition; blocking out
D/dalvikvm( 1343): DexOpt: 'Lorg/apache/http/entity/StringEntity;' has an earlier definition; blocking out
D/dalvikvm( 1343): DexOpt: 'Lorg/apache/http/impl/AbstractHttpClientConnection;' has an earlier definition; blocking out
D/dalvikvm( 1343): DexOpt: 'Lorg/apache/http/impl/AbstractHttpServerConnection;' has an earlier definition; blocking out
D/dalvikvm( 1343): DexOpt: 'Lorg/apache/http/impl/io/HttpRequestParser;' has an earlier definition; blocking out
D/dalvikvm( 1343): DexOpt: 'Lorg/apache/http/impl/io/HttpRequestWriter;' has an earlier definition; blocking out
D/dalvikvm( 1343): DexOpt: 'Lorg/apache/http/impl/io/HttpResponseParser;' has an earlier definition; blocking out
D/dalvikvm( 1343): DexOpt: 'Lorg/apache/http/impl/io/HttpResponseWriter;' has an earlier definition; blocking out
D/dalvikvm( 1343): DexOpt: 'Lorg/apache/http/impl/io/SocketInputBuffer;' has an earlier definition; blocking out
D/dalvikvm( 1343): DexOpt: 'Lorg/apache/http/impl/io/SocketOutputBuffer;' has an earlier definition; blocking out
D/dalvikvm( 1343): DexOpt: 'Lorg/apache/http/message/BasicHttpRequest;' has an earlier definition; blocking out
D/dalvikvm( 1343): DexOpt: 'Lorg/apache/http/message/BasicHttpResponse;' has an earlier definition; blocking out
D/dalvikvm( 1343): DexOpt: 'Lorg/apache/http/message/BufferedHeader;' has an earlier definition; blocking out
D/dalvikvm( 1343): DexOpt: 'Lorg/apache/http/params/BasicHttpParams;' has an earlier definition; blocking out
D/dalvikvm( 1343): DexOpt: 'Lorg/apache/http/params/DefaultedHttpParams;' has an earlier definition; blocking out
D/dalvikvm( 1343): DexOpt: 'Lorg/apache/http/protocol/BasicHttpProcessor;' has an earlier definition; blocking out
D/dalvikvm( 1343): DexOpt: 'Lorg/apache/http/protocol/SyncBasicHttpContext;' has an earlier definition; blocking out
D/dalvikvm( 1343): DexOpt: 'Lorg/apache/http/impl/SocketHttpClientConnection;' has an earlier definition; blocking out
D/dalvikvm( 1343): DexOpt: 'Lorg/apache/http/impl/SocketHttpServerConnection;' has an earlier definition; blocking out
D/dalvikvm( 1343): DexOpt: 'Lorg/apache/http/message/BasicHttpEntityEnclosingRequest;' has an earlier definition; blocking out
W/dalvikvm( 1343): Superclass of 'Lorg/apache/http/params/SyncBasicHttpParams;' is final 'Lorg/apache/http/params/BasicHttpParams;'
D/dalvikvm( 1343): DexOpt: 'Lorg/apache/http/impl/DefaultHttpClientConnection;' has an earlier definition; blocking out
D/dalvikvm( 1343): DexOpt: 'Lorg/apache/http/impl/DefaultHttpServerConnection;' has an earlier definition; blocking out
D/dalvikvm( 1343): DexOpt: couldn't find static field Landroid/os/Build;.SUPPORTED_ABIS
I/dalvikvm( 1343): DexOpt: not resolving ambiguous class 'Lorg/apache/http/entity/StringEntity;'
I/dalvikvm( 1343): DexOpt: not resolving ambiguous class 'Lorg/apache/http/params/BasicHttpParams;'
I/dalvikvm( 1343): DexOpt: not resolving ambiguous class 'Lorg/apache/http/protocol/HttpContext;'
I/dalvikvm( 1343): DexOpt: not resolving ambiguous class 'Lorg/apache/http/HttpResponse;'
I/dalvikvm( 1343): DexOpt: not resolving ambiguous class 'Lorg/apache/http/params/BasicHttpParams;'
I/dalvikvm( 1343): DexOpt: not resolving ambiguous class 'Lorg/apache/http/message/BasicNameValuePair;'
I/dalvikvm( 1343): DexOpt: not resolving ambiguous class 'Lorg/apache/http/NoHttpResponseException;'
D/dalvikvm( 1343): DexOpt: not verifying/optimizing 'Lorg/apache/http/ConnectionClosedException;': multiple definitions
D/dalvikvm( 1343): DexOpt: not verifying/optimizing 'Lorg/apache/http/ConnectionReuseStrategy;': multiple definitions
D/dalvikvm( 1343): DexOpt: not verifying/optimizing 'Lorg/apache/http/Header;': multiple definitions
D/dalvikvm( 1343): DexOpt: not verifying/optimizing 'Lorg/apache/http/HeaderElement;': multiple definitions
D/dalvikvm( 1343): DexOpt: not verifying/optimizing 'Lorg/apache/http/HeaderElementIterator;': multiple definitions
D/dalvikvm( 1343): DexOpt: not verifying/optimizing 'Lorg/apache/http/HeaderIterator;': multiple definitions
D/dalvikvm( 1343): DexOpt: not verifying/optimizing 'Lorg/apache/http/HttpConnection;': multiple definitions
D/dalvikvm( 1343): DexOpt: not verifying/optimizing 'Lorg/apache/http/HttpConnectionMetrics;': multiple definitions
D/dalvikvm( 1343): DexOpt: not verifying/optimizing 'Lorg/apache/http/HttpEntity;': multiple definitions
D/dalvikvm( 1343): DexOpt: not verifying/optimizing 'Lorg/apache/http/HttpException;': multiple definitions
D/dalvikvm( 1343): DexOpt: not verifying/optimizing 'Lorg/apache/http/HttpHost;': multiple definitions
D/dalvikvm( 1343): DexOpt: not verifying/optimizing 'Lorg/apache/http/HttpMessage;': multiple definitions
D/dalvikvm( 1343): DexOpt: not verifying/optimizing 'Lorg/apache/http/HttpRequestFactory;': multiple definitions
D/dalvikvm( 1343): DexOpt: not verifying/optimizing 'Lorg/apache/http/HttpRequestInterceptor;': multiple definitions
D/dalvikvm( 1343): DexOpt: not verifying/optimizing 'Lorg/apache/http/HttpResponseFactory;': multiple definitions
D/dalvikvm( 1343): DexOpt: not verifying/optimizing 'Lorg/apache/http/HttpResponseInterceptor;': multiple definitions
D/dalvikvm( 1343): DexOpt: not verifying/optimizing 'Lorg/apache/http/HttpStatus;': multiple definitions
D/dalvikvm( 1343): DexOpt: not verifying/optimizing 'Lorg/apache/http/MalformedChunkCodingException;': multiple definitions
D/dalvikvm( 1343): DexOpt: not verifying/optimizing 'Lorg/apache/http/NameValuePair;': multiple definitions
D/dalvikvm( 1343): DexOpt: not verifying/optimizing 'Lorg/apache/http/NoHttpResponseException;': multiple definitions
D/dalvikvm( 1343): DexOpt: not verifying/optimizing 'Lorg/apache/http/ParseException;': multiple definitions
D/dalvikvm( 1343): DexOpt: not verifying/optimizing 'Lorg/apache/http/ProtocolVersion;': multiple definitions
D/dalvikvm( 1343): DexOpt: not verifying/optimizing 'Lorg/apache/http/ReasonPhraseCatalog;': multiple definitions
D/dalvikvm( 1343): DexOpt: not verifying/optimizing 'Lorg/apache/http/RequestLine;': multiple definitions
D/dalvikvm( 1343): DexOpt: not verifying/optimizing 'Lorg/apache/http/StatusLine;': multiple definitions
D/dalvikvm( 1343): DexOpt: not verifying/optimizing 'Lorg/apache/http/TokenIterator;': multiple definitions
D/dalvikvm( 1343): DexOpt: not verifying/optimizing 'Lorg/apache/http/entity/ContentLengthStrategy;': multiple definitions
D/dalvikvm( 1343): DexOpt: not verifying/optimizing 'Lorg/apache/http/entity/ContentProducer;': multiple definitions
I/dalvikvm( 1343): DexOpt: not resolving ambiguous class 'Lorg/apache/http/NameValuePair;'
I/dalvikvm( 1343): DexOpt: not resolving ambiguous class 'Lorg/apache/http/HttpServerConnection;'
I/dalvikvm( 1343): DexOpt: not resolving ambiguous class 'Lorg/apache/http/HttpServerConnection;'
I/dalvikvm( 1343): DexOpt: not resolving ambiguous class 'Lorg/apache/http/HttpRequestInterceptor;'
I/dalvikvm( 1343): DexOpt: not resolving ambiguous class 'Lorg/apache/http/protocol/BasicHttpContext;'
D/dalvikvm( 1343): DexOpt: not verifying/optimizing 'Lorg/apache/http/impl/entity/EntityDeserializer;': multiple definitions
D/dalvikvm( 1343): DexOpt: not verifying/optimizing 'Lorg/apache/http/impl/entity/EntitySerializer;': multiple definitions
D/dalvikvm( 1343): DexOpt: not verifying/optimizing 'Lorg/apache/http/impl/io/ChunkedInputStream;': multiple definitions
D/dalvikvm( 1343): DexOpt: not verifying/optimizing 'Lorg/apache/http/impl/io/ChunkedOutputStream;': multiple definitions
D/dalvikvm( 1343): DexOpt: not verifying/optimizing 'Lorg/apache/http/impl/io/ContentLengthInputStream;': multiple definitions
D/dalvikvm( 1343): DexOpt: not verifying/optimizing 'Lorg/apache/http/impl/io/ContentLengthOutputStream;': multiple definitions
D/dalvikvm( 1343): DexOpt: not verifying/optimizing 'Lorg/apache/http/impl/io/IdentityInputStream;': multiple definitions
D/dalvikvm( 1343): DexOpt: not verifying/optimizing 'Lorg/apache/http/impl/io/IdentityOutputStream;': multiple definitions
D/dalvikvm( 1343): DexOpt: not verifying/optimizing 'Lorg/apache/http/io/HttpMessageParser;': multiple definitions
D/dalvikvm( 1343): DexOpt: not verifying/optimizing 'Lorg/apache/http/io/HttpMessageWriter;': multiple definitions
D/dalvikvm( 1343): DexOpt: not verifying/optimizing 'Lorg/apache/http/io/HttpTransportMetrics;': multiple definitions
D/dalvikvm( 1343): DexOpt: not verifying/optimizing 'Lorg/apache/http/io/SessionInputBuffer;': multiple definitions
D/dalvikvm( 1343): DexOpt: not verifying/optimizing 'Lorg/apache/http/io/SessionOutputBuffer;': multiple definitions
D/dalvikvm( 1343): DexOpt: not verifying/optimizing 'Lorg/apache/http/message/HeaderGroup;': multiple definitions
D/dalvikvm( 1343): DexOpt: not verifying/optimizing 'Lorg/apache/http/message/HeaderValueFormatter;': multiple definitions
D/dalvikvm( 1343): DexOpt: not verifying/optimizing 'Lorg/apache/http/message/HeaderValueParser;': multiple definitions
D/dalvikvm( 1343): DexOpt: not verifying/optimizing 'Lorg/apache/http/message/LineFormatter;': multiple definitions
D/dalvikvm( 1343): DexOpt: not verifying/optimizing 'Lorg/apache/http/message/LineParser;': multiple definitions
D/dalvikvm( 1343): DexOpt: not verifying/optimizing 'Lorg/apache/http/message/ParserCursor;': multiple definitions
I/dalvikvm( 1343): DexOpt: not resolving ambiguous class 'Lorg/apache/http/message/ParserCursor;'
D/dalvikvm( 1343): DexOpt: not verifying/optimizing 'Lorg/apache/http/params/CoreConnectionPNames;': multiple definitions
D/dalvikvm( 1343): DexOpt: not verifying/optimizing 'Lorg/apache/http/params/CoreProtocolPNames;': multiple definitions
D/dalvikvm( 1343): DexOpt: not verifying/optimizing 'Lorg/apache/http/params/HttpAbstractParamBean;': multiple definitions
I/dalvikvm( 1343): DexOpt: not resolving ambiguous class 'Lorg/apache/http/params/HttpParams;'
D/dalvikvm( 1343): DexOpt: not verifying/optimizing 'Lorg/apache/http/params/HttpParams;': multiple definitions
D/dalvikvm( 1343): DexOpt: not verifying/optimizing 'Lorg/apache/http/protocol/ExecutionContext;': multiple definitions
D/dalvikvm( 1343): DexOpt: not verifying/optimizing 'Lorg/apache/http/protocol/HTTP;': multiple definitions
D/dalvikvm( 1343): DexOpt: not verifying/optimizing 'Lorg/apache/http/protocol/HttpContext;': multiple definitions
D/dalvikvm( 1343): DexOpt: not verifying/optimizing 'Lorg/apache/http/protocol/HttpDateGenerator;': multiple definitions
D/dalvikvm( 1343): DexOpt: not verifying/optimizing 'Lorg/apache/http/protocol/HttpExpectationVerifier;': multiple definitions
D/dalvikvm( 1343): DexOpt: not verifying/optimizing 'Lorg/apache/http/protocol/HttpRequestExecutor;': multiple definitions
D/dalvikvm( 1343): DexOpt: not verifying/optimizing 'Lorg/apache/http/protocol/HttpRequestHandler;': multiple definitions
D/dalvikvm( 1343): DexOpt: not verifying/optimizing 'Lorg/apache/http/protocol/HttpRequestHandlerResolver;': multiple definitions
D/dalvikvm( 1343): DexOpt: not verifying/optimizing 'Lorg/apache/http/protocol/HttpRequestInterceptorList;': multiple definitions
D/dalvikvm( 1343): DexOpt: not verifying/optimizing 'Lorg/apache/http/protocol/HttpResponseInterceptorList;': multiple definitions
D/dalvikvm( 1343): DexOpt: not verifying/optimizing 'Lorg/apache/http/protocol/HttpService;': multiple definitions
D/dalvikvm( 1343): DexOpt: not verifying/optimizing 'Lorg/apache/http/protocol/UriPatternMatcher;': multiple definitions
D/dalvikvm( 1343): DexOpt: not verifying/optimizing 'Lorg/apache/http/util/ByteArrayBuffer;': multiple definitions
D/dalvikvm( 1343): DexOpt: not verifying/optimizing 'Lorg/apache/http/util/CharArrayBuffer;': multiple definitions
D/dalvikvm( 1343): DexOpt: not verifying/optimizing 'Lorg/apache/http/util/EncodingUtils;': multiple definitions
D/dalvikvm( 1343): DexOpt: not verifying/optimizing 'Lorg/apache/http/util/EntityUtils;': multiple definitions
D/dalvikvm( 1343): DexOpt: not verifying/optimizing 'Lorg/apache/http/util/ExceptionUtils;': multiple definitions
D/dalvikvm( 1343): DexOpt: not verifying/optimizing 'Lorg/apache/http/util/LangUtils;': multiple definitions
D/dalvikvm( 1343): DexOpt: not verifying/optimizing 'Lorg/apache/http/util/VersionInfo;': multiple definitions
D/dalvikvm( 1343): DexOpt: couldn't find field Landroid/app/Notification;.headsUpContentView
D/dalvikvm( 1343): DexOpt: couldn't find static field Landroid/os/Build;.SUPPORTED_ABIS
I/dalvikvm( 1343): DexOpt: not resolving ambiguous class 'Lorg/apache/http/HttpRequest;'
I/dalvikvm( 1343): DexOpt: not resolving ambiguous class 'Lorg/apache/http/HttpResponse;'
I/dalvikvm( 1343): DexOpt: not resolving ambiguous class 'Lorg/apache/http/protocol/HttpContext;'
I/dalvikvm( 1343): DexOpt: not resolving ambiguous class 'Lorg/apache/http/HttpEntity;'
I/dalvikvm( 1343): DexOpt: not resolving ambiguous class 'Lorg/apache/http/message/BasicHeader;'
I/dalvikvm( 1343): DexOpt: not resolving ambiguous class 'Lorg/apache/http/protocol/HttpContext;'
I/dalvikvm( 1343): DexOpt: not resolving ambiguous class 'Lorg/apache/http/message/BasicHeader;'
D/dalvikvm( 1343): DexOpt: not verifying/optimizing 'Lorg/apache/http/FormattedHeader;': multiple definitions
D/dalvikvm( 1343): DexOpt: not verifying/optimizing 'Lorg/apache/http/HttpClientConnection;': multiple definitions
D/dalvikvm( 1343): DexOpt: not verifying/optimizing 'Lorg/apache/http/HttpInetConnection;': multiple definitions
D/dalvikvm( 1343): DexOpt: not verifying/optimizing 'Lorg/apache/http/HttpRequest;': multiple definitions
D/dalvikvm( 1343): DexOpt: not verifying/optimizing 'Lorg/apache/http/HttpResponse;': multiple definitions
D/dalvikvm( 1343): DexOpt: not verifying/optimizing 'Lorg/apache/http/HttpServerConnection;': multiple definitions
D/dalvikvm( 1343): DexOpt: not verifying/optimizing 'Lorg/apache/http/HttpVersion;': multiple definitions
D/dalvikvm( 1343): DexOpt: not verifying/optimizing 'Lorg/apache/http/MethodNotSupportedException;': multiple definitions
D/dalvikvm( 1343): DexOpt: not verifying/optimizing 'Lorg/apache/http/ProtocolException;': multiple definitions
I/dalvikvm( 1343): DexOpt: not resolving ambiguous class 'Lorg/apache/http/MalformedChunkCodingException;'
D/dalvikvm( 1343): DexOpt: not verifying/optimizing 'Lorg/apache/http/entity/AbstractHttpEntity;': multiple definitions
D/dalvikvm( 1343): DexOpt: not verifying/optimizing 'Lorg/apache/http/entity/HttpEntityWrapper;': multiple definitions
D/dalvikvm( 1343): DexOpt: not verifying/optimizing 'Lorg/apache/http/impl/DefaultConnectionReuseStrategy;': multiple definitions
D/dalvikvm( 1343): DexOpt: not verifying/optimizing 'Lorg/apache/http/impl/DefaultHttpRequestFactory;': multiple definitions
D/dalvikvm( 1343): DexOpt: not verifying/optimizing 'Lorg/apache/http/impl/DefaultHttpResponseFactory;': multiple definitions
D/dalvikvm( 1343): DexOpt: not verifying/optimizing 'Lorg/apache/http/impl/EnglishReasonPhraseCatalog;': multiple definitions
D/dalvikvm( 1343): DexOpt: not verifying/optimizing 'Lorg/apache/http/impl/HttpConnectionMetricsImpl;': multiple definitions
D/dalvikvm( 1343): DexOpt: not verifying/optimizing 'Lorg/apache/http/impl/NoConnectionReuseStrategy;': multiple definitions
I/dalvikvm( 1343): DexOpt: not resolving ambiguous class 'Lorg/apache/http/impl/entity/LaxContentLengthStrategy;'
D/dalvikvm( 1343): DexOpt: not verifying/optimizing 'Lorg/apache/http/impl/entity/LaxContentLengthStrategy;': multiple definitions
D/dalvikvm( 1343): DexOpt: not verifying/optimizing 'Lorg/apache/http/impl/entity/StrictContentLengthStrategy;': multiple definitions
D/dalvikvm( 1343): DexOpt: not verifying/optimizing 'Lorg/apache/http/impl/io/AbstractMessageParser;': multiple definitions
D/dalvikvm( 1343): DexOpt: not verifying/optimizing 'Lorg/apache/http/impl/io/AbstractMessageWriter;': multiple definitions
D/dalvikvm( 1343): DexOpt: not verifying/optimizing 'Lorg/apache/http/impl/io/AbstractSessionInputBuffer;': multiple definitions
D/dalvikvm( 1343): DexOpt: not verifying/optimizing 'Lorg/apache/http/impl/io/AbstractSessionOutputBuffer;': multiple definitions
I/dalvikvm( 1343): DexOpt: not resolving ambiguous class 'Lorg/apache/http/message/BasicLineParser;'
I/dalvikvm( 1343): DexOpt: not resolving ambiguous class 'Lorg/apache/http/message/BasicLineFormatter;'
I/dalvikvm( 1343): DexOpt: not resolving ambiguous class 'Lorg/apache/http/message/BasicLineParser;'
I/dalvikvm( 1343): DexOpt: not resolving ambiguous class 'Lorg/apache/http/message/BasicLineFormatter;'
D/dalvikvm( 1343): DexOpt: not verifying/optimizing 'Lorg/apache/http/impl/io/HttpTransportMetricsImpl;': multiple definitions
I/dalvikvm( 1343): DexOpt: not resolving ambiguous class 'Lorg/apache/http/util/ByteArrayBuffer;'
I/dalvikvm( 1343): DexOpt: not resolving ambiguous class 'Lorg/apache/http/util/ByteArrayBuffer;'
I/dalvikvm( 1343): DexOpt: not resolving ambiguous class 'Lorg/apache/http/params/HttpParams;'
I/dalvikvm( 1343): DexOpt: not resolving ambiguous class 'Lorg/apache/http/HttpClientConnection;'
D/dalvikvm( 1343): DexOpt: not verifying/optimizing 'Lorg/apache/http/message/AbstractHttpMessage;': multiple definitions
D/dalvikvm( 1343): DexOpt: not verifying/optimizing 'Lorg/apache/http/message/BasicHeader;': multiple definitions
D/dalvikvm( 1343): DexOpt: not verifying/optimizing 'Lorg/apache/http/message/BasicHeaderElement;': multiple definitions
D/dalvikvm( 1343): DexOpt: not verifying/optimizing 'Lorg/apache/http/message/BasicHeaderElementIterator;': multiple definitions
D/dalvikvm( 1343): DexOpt: not verifying/optimizing 'Lorg/apache/http/message/BasicHeaderIterator;': multiple definitions
D/dalvikvm( 1343): DexOpt: not verifying/optimizing 'Lorg/apache/http/message/BasicHeaderValueFormatter;': multiple definitions
D/dalvikvm( 1343): DexOpt: not verifying/optimizing 'Lorg/apache/http/message/BasicHeaderValueParser;': multiple definitions
D/dalvikvm( 1343): DexOpt: not verifying/optimizing 'Lorg/apache/http/message/BasicLineFormatter;': multiple definitions
D/dalvikvm( 1343): DexOpt: not verifying/optimizing 'Lorg/apache/http/message/BasicLineParser;': multiple definitions
D/dalvikvm( 1343): DexOpt: not verifying/optimizing 'Lorg/apache/http/message/BasicListHeaderIterator;': multiple definitions
D/dalvikvm( 1343): DexOpt: not verifying/optimizing 'Lorg/apache/http/message/BasicNameValuePair;': multiple definitions
D/dalvikvm( 1343): DexOpt: not verifying/optimizing 'Lorg/apache/http/message/BasicRequestLine;': multiple definitions
D/dalvikvm( 1343): DexOpt: not verifying/optimizing 'Lorg/apache/http/message/BasicStatusLine;': multiple definitions
D/dalvikvm( 1343): DexOpt: not verifying/optimizing 'Lorg/apache/http/message/BasicTokenIterator;': multiple definitions
D/dalvikvm( 1343): DexOpt: not verifying/optimizing 'Lorg/apache/http/params/AbstractHttpParams;': multiple definitions
D/dalvikvm( 1343): DexOpt: not verifying/optimizing 'Lorg/apache/http/params/HttpConnectionParamBean;': multiple definitions
D/dalvikvm( 1343): DexOpt: not verifying/optimizing 'Lorg/apache/http/params/HttpConnectionParams;': multiple definitions
D/dalvikvm( 1343): DexOpt: not verifying/optimizing 'Lorg/apache/http/params/HttpProtocolParamBean;': multiple definitions
D/dalvikvm( 1343): DexOpt: not verifying/optimizing 'Lorg/apache/http/params/HttpProtocolParams;': multiple definitions
D/dalvikvm( 1343): DexOpt: not verifying/optimizing 'Lorg/apache/http/protocol/BasicHttpContext;': multiple definitions
D/dalvikvm( 1343): DexOpt: not verifying/optimizing 'Lorg/apache/http/protocol/DefaultedHttpContext;': multiple definitions
I/dalvikvm( 1343): DexOpt: not resolving ambiguous class 'Lorg/apache/http/protocol/BasicHttpContext;'
D/dalvikvm( 1343): DexOpt: not verifying/optimizing 'Lorg/apache/http/protocol/HttpProcessor;': multiple definitions
D/dalvikvm( 1343): DexOpt: not verifying/optimizing 'Lorg/apache/http/protocol/HttpRequestHandlerRegistry;': multiple definitions
I/dalvikvm( 1343): DexOpt: not resolving ambiguous class 'Lorg/apache/http/HttpRequest;'
D/dalvikvm( 1343): DexOpt: not verifying/optimizing 'Lorg/apache/http/protocol/RequestConnControl;': multiple definitions
D/dalvikvm( 1343): DexOpt: not verifying/optimizing 'Lorg/apache/http/protocol/RequestContent;': multiple definitions
D/dalvikvm( 1343): DexOpt: not verifying/optimizing 'Lorg/apache/http/protocol/RequestDate;': multiple definitions
D/dalvikvm( 1343): DexOpt: not verifying/optimizing 'Lorg/apache/http/protocol/RequestExpectContinue;': multiple definitions
D/dalvikvm( 1343): DexOpt: not verifying/optimizing 'Lorg/apache/http/protocol/RequestTargetHost;': multiple definitions
D/dalvikvm( 1343): DexOpt: not verifying/optimizing 'Lorg/apache/http/protocol/RequestUserAgent;': multiple definitions
D/dalvikvm( 1343): DexOpt: not verifying/optimizing 'Lorg/apache/http/protocol/ResponseConnControl;': multiple definitions
D/dalvikvm( 1343): DexOpt: not verifying/optimizing 'Lorg/apache/http/protocol/ResponseContent;': multiple definitions
D/dalvikvm( 1343): DexOpt: not verifying/optimizing 'Lorg/apache/http/protocol/ResponseDate;': multiple definitions
D/dalvikvm( 1343): DexOpt: not verifying/optimizing 'Lorg/apache/http/protocol/ResponseServer;': multiple definitions
I/dalvikvm( 1343): DexOpt: not resolving ambiguous class 'Lorg/apache/http/protocol/UriPatternMatcher;'
I/dalvikvm( 1343): DexOpt: not resolving ambiguous class 'Lorg/apache/http/ParseException;'
I/dalvikvm( 1343): DexOpt: not resolving ambiguous class 'Lorg/apache/http/entity/HttpEntityWrapper;'
I/dalvikvm( 1343): DexOpt: not resolving ambiguous class 'Lorg/apache/http/HttpResponse;'
I/dalvikvm( 1343): DexOpt: not resolving ambiguous class 'Lorg/apache/http/HttpEntity;'
I/dalvikvm( 1343): DexOpt: not resolving ambiguous class 'Lorg/apache/http/HttpEntity;'
I/dalvikvm( 1343): DexOpt: not resolving ambiguous class 'Lorg/apache/http/HttpEntity;'
D/dalvikvm( 1343): DexOpt: not verifying/optimizing 'Lorg/apache/http/HttpEntityEnclosingRequest;': multiple definitions
D/dalvikvm( 1343): DexOpt: not verifying/optimizing 'Lorg/apache/http/UnsupportedHttpVersionException;': multiple definitions
D/dalvikvm( 1343): DexOpt: not verifying/optimizing 'Lorg/apache/http/entity/BasicHttpEntity;': multiple definitions
D/dalvikvm( 1343): DexOpt: not verifying/optimizing 'Lorg/apache/http/entity/BufferedHttpEntity;': multiple definitions
D/dalvikvm( 1343): DexOpt: not verifying/optimizing 'Lorg/apache/http/entity/ByteArrayEntity;': multiple definitions
D/dalvikvm( 1343): DexOpt: not verifying/optimizing 'Lorg/apache/http/entity/EntityTemplate;': multiple definitions
D/dalvikvm( 1343): DexOpt: not verifying/optimizing 'Lorg/apache/http/entity/FileEntity;': multiple definitions
D/dalvikvm( 1343): DexOpt: not verifying/optimizing 'Lorg/apache/http/entity/InputStreamEntity;': multiple definitions
D/dalvikvm( 1343): DexOpt: not verifying/optimizing 'Lorg/apache/http/entity/SerializableEntity;': multiple definitions
D/dalvikvm( 1343): DexOpt: not verifying/optimizing 'Lorg/apache/http/entity/StringEntity;': multiple definitions
D/dalvikvm( 1343): DexOpt: not verifying/optimizing 'Lorg/apache/http/impl/AbstractHttpClientConnection;': multiple definitions
D/dalvikvm( 1343): DexOpt: not verifying/optimizing 'Lorg/apache/http/impl/AbstractHttpServerConnection;': multiple definitions
I/dalvikvm( 1343): DexOpt: not resolving ambiguous class 'Lorg/apache/http/impl/io/HttpTransportMetricsImpl;'
I/dalvikvm( 1343): DexOpt: not resolving ambiguous class 'Lorg/apache/http/impl/io/AbstractMessageParser;'
I/dalvikvm( 1343): DexOpt: not resolving ambiguous class 'Lorg/apache/http/impl/io/AbstractMessageWriter;'
I/dalvikvm( 1343): DexOpt: not resolving ambiguous class 'Lorg/apache/http/impl/io/AbstractMessageParser;'
I/dalvikvm( 1343): DexOpt: not resolving ambiguous class 'Lorg/apache/http/impl/io/AbstractMessageWriter;'
D/dalvikvm( 1343): DexOpt: not verifying/optimizing 'Lorg/apache/http/impl/io/HttpRequestParser;': multiple definitions
D/dalvikvm( 1343): DexOpt: not verifying/optimizing 'Lorg/apache/http/impl/io/HttpRequestWriter;': multiple definitions
D/dalvikvm( 1343): DexOpt: not verifying/optimizing 'Lorg/apache/http/impl/io/HttpResponseParser;': multiple definitions
D/dalvikvm( 1343): DexOpt: not verifying/optimizing 'Lorg/apache/http/impl/io/HttpResponseWriter;': multiple definitions
D/dalvikvm( 1343): DexOpt: not verifying/optimizing 'Lorg/apache/http/impl/io/SocketInputBuffer;': multiple definitions
D/dalvikvm( 1343): DexOpt: not verifying/optimizing 'Lorg/apache/http/impl/io/SocketOutputBuffer;': multiple definitions
I/dalvikvm( 1343): DexOpt: not resolving ambiguous class 'Lorg/apache/http/HttpHost;'
D/dalvikvm( 1343): DexOpt: not verifying/optimizing 'Lorg/apache/http/message/BasicHttpRequest;': multiple definitions
D/dalvikvm( 1343): DexOpt: not verifying/optimizing 'Lorg/apache/http/message/BasicHttpResponse;': multiple definitions
D/dalvikvm( 1343): DexOpt: not verifying/optimizing 'Lorg/apache/http/message/BufferedHeader;': multiple definitions
D/dalvikvm( 1343): DexOpt: not verifying/optimizing 'Lorg/apache/http/params/BasicHttpParams;': multiple definitions
D/dalvikvm( 1343): DexOpt: not verifying/optimizing 'Lorg/apache/http/params/DefaultedHttpParams;': multiple definitions
D/dalvikvm( 1343): DexOpt: not verifying/optimizing 'Lorg/apache/http/protocol/BasicHttpProcessor;': multiple definitions
I/dalvikvm( 1343): DexOpt: not resolving ambiguous class 'Lorg/apache/http/protocol/HttpRequestInterceptorList;'
D/dalvikvm( 1343): DexOpt: not verifying/optimizing 'Lorg/apache/http/protocol/SyncBasicHttpContext;': multiple definitions
I/dalvikvm( 1343): DexOpt: not resolving ambiguous class 'Lorg/apache/http/HttpEntity;'
I/dalvikvm( 1343): DexOpt: not resolving ambiguous class 'Lorg/apache/http/HttpResponse;'
I/dalvikvm( 1343): DexOpt: not resolving ambiguous class 'Lorg/apache/http/HttpEntityEnclosingRequest;'
D/dalvikvm( 1343): DexOpt: not verifying/optimizing 'Lorg/apache/http/impl/SocketHttpClientConnection;': multiple definitions
D/dalvikvm( 1343): DexOpt: not verifying/optimizing 'Lorg/apache/http/impl/SocketHttpServerConnection;': multiple definitions
D/dalvikvm( 1343): DexOpt: not verifying/optimizing 'Lorg/apache/http/message/BasicHttpEntityEnclosingRequest;': multiple definitions
D/dalvikvm( 1343): DexOpt: not verifying/optimizing 'Lorg/apache/http/impl/DefaultHttpClientConnection;': multiple definitions
D/dalvikvm( 1343): DexOpt: not verifying/optimizing 'Lorg/apache/http/impl/DefaultHttpServerConnection;': multiple definitions
D/dalvikvm( 1343): DexOpt: load 88ms, verify+opt 353ms, 5635836 bytes
I/ActivityManager(  266): Force stopping com.lemon.lemonban appid=10028 user=-1: update pkg
W/PackageManager(  266): Unknown permission com.huawei.authentication.HW_ACCESS_AUTH_SERVICE in package com.tencent.mm
W/PackageManager(  266): Unknown permission com.android.launcher.permission.READ_SETTINGS in package com.tencent.mm
W/PackageManager(  266): Unknown permission com.tencent.mm.location.permission.SEND_VIEW in package com.tencent.mm
W/PackageManager(  266): Unknown permission com.huawei.android.launcher.permission.CHANGE_BADGE in package com.tencent.mm
W/PackageManager(  266): Unknown permission android.permission.WRITE_APP_BADGE in package com.tencent.mm
W/PackageManager(  266): Unknown permission android.permission.REQUEST_IGNORE_BATTERY_OPTIMIZATIONS in package com.tencent.mm
W/PackageManager(  266): Unknown permission android.permission.BODY_SENSORS in package com.tencent.mm
W/PackageManager(  266): Unknown permission com.google.android.c2dm.permission.RECEIVE in package com.tencent.mm
W/PackageManager(  266): Unknown permission com.android.vending.BILLING in package com.tencent.mm
W/PackageManager(  266): Unknown permission android.permission.USE_FINGERPRINT in package com.tencent.mm
W/PackageManager(  266): Unknown permission com.google.android.googleapps.permission.GOOGLE_AUTH in package com.android.settings
W/PackageManager(  266): Unknown permission com.android.launcher.permission.READ_SETTINGS in package com.android.settings
W/PackageManager(  266): Unknown permission com.android.launcher.permission.WRITE_SETTINGS in package com.android.settings
W/PackageManager(  266): Unknown permission com.android.smspush.WAPPUSH_MANAGER_BIND in package com.android.phone
W/PackageManager(  266): Unknown permission com.google.android.googleapps.permission.GOOGLE_AUTH in package com.android.providers.calendar
W/PackageManager(  266): Unknown permission com.google.android.googleapps.permission.GOOGLE_AUTH.cl in package com.android.providers.calendar
W/PackageManager(  266): Unknown permission com.android.launcher.permission.READ_SETTINGS in package com.android.onetimeinitializer
W/PackageManager(  266): Unknown permission com.android.launcher.permission.WRITE_SETTINGS in package com.android.onetimeinitializer
W/PackageManager(  266): Unknown permission com.cyanogenmod.filemanager.permissions.READ_THEME in package com.cyanogenmod.filemanager
W/PackageManager(  266): Unknown permission com.android.launcher.permission.READ_SETTINGS in package com.bignox.app.store.hd
W/PackageManager(  266): Unknown permission com.android.launcher.permission.WRITE_SETTINGS in package com.bignox.app.store.hd
W/PackageManager(  266): Not granting permission android.permission.MOUNT_UNMOUNT_FILESYSTEMS to package com.lemon.lemonban (protectionLevel=18 flags=0x248be44)
I/InputReader(  266): Reconfiguring input devices.  changes=0x00000010
W/DebugConnManager(  648): getNetworkInfo() on networkType 1
D/dalvikvm(  469): No JNI_OnLoad found in /system/lib/libxl_thunder_sdk.so 0x94f58768, skipping init
D/dalvikvm(  469): No JNI_OnLoad found in /system/lib/libvphone_xl_thunder_iface.so 0x94f58768, skipping init
D/BackupManagerService(  266): Received broadcast Intent { act=android.intent.action.PACKAGE_ADDED dat=package:com.lemon.lemonban flg=0x4000010 (has extras) }
V/BackupManagerService(  266): addPackageParticipantsLocked: #1
I/XLUtil  (  469): loadAndParseFile start
W/Searchables(  266): No global search activity found
I/XLUtil  (  469): loadAndParseFile end
I/XLDownloadManager(  469): Peerid:MzA5QzIzRDdDRERDMDBYWQ==
I/XLDownloadManager(  469): Guid:ODYzMDY0MDEwMzAxNTY0XzMwOUMyM0Q3Q0REQw==
I/dalvikvm( 1344): ignoring registerObject request in thread=1
I/dalvikvm( 1344): ignoring registerObject request in thread=1
I/ActivityManager(  266): Start proc com.android.gallery3d for broadcast com.android.gallery3d/.app.PackagesMonitor: pid=1344 uid=10016 gids={50016, 3003, 1028, 1015, 1023}
W/RecognitionManagerService(  266): no available voice recognition services found for user 0
D/dalvikvm(  266): GC_EXPLICIT freed 955K, 14% free 6591K/7620K, paused 0ms+6ms, total 23ms
D/AndroidRuntime( 1322): Shutting down VM
E/cutils-trace( 1322): Error opening trace file: No such file or directory (2)
D/dalvikvm( 1322): GC_CONCURRENT freed 94K, 15% free 560K/656K, paused 1ms+0ms, total 1ms
D/Event   (  648): No subscribers registered for event class com.bignox.app.store.hd.model.Game
D/Event   (  648): No subscribers registered for event class de.greenrobot.event.NoSubscriberEvent
D/Event   (  648): No subscribers registered for event class com.bignox.app.store.hd.model.Game
D/Event   (  648): No subscribers registered for event class de.greenrobot.event.NoSubscriberEvent
I/XLDownloadManager(  469): doMonitorNetworkChange()
I/XLDownloadManager(  469): register Receiver
D/XLDownloadManager(  469): NetworkChangeHandlerThread nettype=9
D/XLDownloadManager(  469): NetworkChangeHandlerThread bssid=30:9C:23:D7:CD:DC
W/Launcher(  469): setApplicationContext called twice! old=com.vphone.launcher.LauncherApplication@4a7ad098 new=com.vphone.launcher.LauncherApplication@4a7ad098
I/dalvikvm( 1366): ignoring registerObject request in thread=1
I/dalvikvm( 1366): ignoring registerObject request in thread=1
I/ActivityManager(  266): Start proc com.svox.pico for broadcast com.svox.pico/.VoiceDataInstallerReceiver: pid=1366 uid=10023 gids={50023, 1028, 1015, 1023}
D/Launcher.Workspace(  469): 11683562 - removeExtraEmptyScreen()
D/Launcher.Workspace(  469): 11683562 - convertFinalScreenToEmptyScreenIfNecessary()
D/dalvikvm(  648): GC_CONCURRENT freed 426K, 13% free 3504K/3992K, paused 0ms+1ms, total 3ms
W/DebugConnManager(  469): getNetworkInfo() on networkType 1
D/ConnectivityService(  266): Sampling interval elapsed, updating statistics ..
D/ConnectivityService(  266): Done.
D/ConnectivityService(  266): Setting timer for 720seconds
