W/PackageManager(  266): Unknown permission com.huawei.android.launcher.permission.CHANGE_BADGE in package com.tencent.mm
W/PackageManager(  266): Unknown permission android.permission.WRITE_APP_BADGE in package com.tencent.mm
W/PackageManager(  266): Unknown permission android.permission.REQUEST_IGNORE_BATTERY_OPTIMIZATIONS in package com.tencent.mm
W/PackageManager(  266): Unknown permission android.permission.BODY_SENSORS in package com.tencent.mm
W/PackageManager(  266): Unknown permission com.google.android.c2dm.permission.RECEIVE in package com.tencent.mm
W/PackageManager(  266): Unknown permission com.android.vending.BILLING in package com.tencent.mm
W/PackageManager(  266): Unknown permission android.permission.USE_FINGERPRINT in package com.tencent.mm
W/PackageManager(  266): Unknown permission com.google.android.googleapps.permission.GOOGLE_AUTH in package com.android.settings
W/PackageManager(  266): Unknown permission com.android.launcher.permission.READ_SETTINGS in package com.android.settings
W/PackageManager(  266): Unknown permission com.android.launcher.permission.WRITE_SETTINGS in package com.android.settings
W/PackageManager(  266): Unknown permission com.android.smspush.WAPPUSH_MANAGER_BIND in package com.android.phone
W/PackageManager(  266): Unknown permission com.google.android.googleapps.permission.GOOGLE_AUTH in package com.android.providers.calendar
W/PackageManager(  266): Unknown permission com.google.android.googleapps.permission.GOOGLE_AUTH.cl in package com.android.providers.calendar
W/PackageManager(  266): Unknown permission com.android.launcher.permission.READ_SETTINGS in package com.android.onetimeinitializer
W/PackageManager(  266): Unknown permission com.android.launcher.permission.WRITE_SETTINGS in package com.android.onetimeinitializer
W/PackageManager(  266): Unknown permission com.cyanogenmod.filemanager.permissions.READ_THEME in package com.cyanogenmod.filemanager
W/PackageManager(  266): Unknown permission com.android.launcher.permission.READ_SETTINGS in package com.bignox.app.store.hd
W/PackageManager(  266): Unknown permission com.android.launcher.permission.WRITE_SETTINGS in package com.bignox.app.store.hd
D/EventHub(  266): No input device configuration file found for device 'mouse'.
I/EventHub(  266): New device: id=2, fd=84, path='/dev/input/event8', name='mouse', classes=0x8, configuration='', keyLayout='', keyCharacterMap='', builtinKeyboard=false, usingSuspendBlockIoctl=true, usingClockIoctl=true
E/EventHub(  266): could not get driver version for /dev/input/mouse3, Not a typewriter
W/EventHub(  266): Unable to disable kernel key repeat for /dev/input/event7: Function not implemented
I/EventHub(  266): Virtual keyboard mode is |0] [0]
I/EventHub(  266): Vrtual keyboard is set to Hardware mode
I/EventHub(  266): New device: id=3, fd=111, path='/dev/input/event7', name='Android Input', classes=0x37, configuration='/system/usr/idc/Android_Input.idc', keyLayout='/system/usr/keylayout/Android_Input.kl', keyCharacterMap='/system/usr/keychars/Generic.kcm', builtinKeyboard=false, usingSuspendBlockIoctl=true, usingClockIoctl=true
E/EventHub(  266): could not get driver version for /dev/input/mouse2, Not a typewriter
I/SystemServer(  266): Connectivity Service
D/ConnectivityService(  266): ConnectivityService starting up
D/ConnectivityService(  266): wifiOnly=false
E/ConnectivityService(  266): Ignoring protectedNetwork 10
E/ConnectivityService(  266): Ignoring protectedNetwork 11
E/ConnectivityService(  266): Ignoring protectedNetwork 12
E/ConnectivityService(  266): Ignoring protectedNetwork 14
D/WifiController(  266): WifiController msg { when=0 what=155656 target=com.android.internal.util.StateMachine$SmHandler } deferred for 488ms
E/MobileDataStateTracker(  266): default: Ignoring feature request because could not acquire PhoneService
E/MobileDataStateTracker(  266): default: Could not enable APN type "default"
I/WifiService(  266): WifiService starting up with Wi-Fi enabled
D/WifiService(  266): setWifiEnabled: true pid=266, uid=1000
I/SystemServer(  266): Network Service Discovery Service
D/NsdService(  266): Network service discovery enabled true
I/SystemServer(  266): UpdateLock Service
I/SystemServer(  266): Notification Manager
I/SystemServer(  266): Device Storage Monitor
I/SystemServer(  266): Location Manager
I/SystemServer(  266): Country Detector
I/SystemServer(  266): Search Service
I/SystemServer(  266): DropBox Service
I/SystemServer(  266): Wallpaper Service
I/SystemServer(  266): Audio Service
D/dalvikvm(  266): GC_CONCURRENT freed 234K, 7% free 4747K/5052K, paused 0ms+0ms, total 5ms
D/EventHub(  266): No input device configuration file found for device 'gpio-keys'.
W/EventHub(  266): Unable to disable kernel key repeat for /dev/input/event6: Function not implemented
I/EventHub(  266): Virtual keyboard mode is |0] [0]
I/EventHub(  266): Vrtual keyboard is set to Hardware mode
I/EventHub(  266): New device: id=4, fd=124, path='/dev/input/event6', name='gpio-keys', classes=0x81, configuration='', keyLayout='/system/usr/keylayout/gpio-keys.kl', keyCharacterMap='/system/usr/keychars/gpio-keys.kcm', builtinKeyboard=false, usingSuspendBlockIoctl=true, usingClockIoctl=true
I/EventHub(  266): ignoring event id /dev/input/event5 driver VirtualBox mouse integration
D/EventHub(  266): No input device configuration file found for device 'Sleep Button'.
W/EventHub(  266): Unable to disable kernel key repeat for /dev/input/event1: Function not implemented
I/EventHub(  266): Virtual keyboard mode is |0] [0]
I/EventHub(  266): Vrtual keyboard is set to Hardware mode
I/EventHub(  266): New device: id=5, fd=125, path='/dev/input/event1', name='Sleep Button', classes=0x1, configuration='', keyLayout='/system/usr/keylayout/Generic.kl', keyCharacterMap='/system/usr/keychars/Generic.kcm', builtinKeyboard=false, usingSuspendBlockIoctl=true, usingClockIoctl=true
D/EventHub(  266): No input device configuration file found for device 'Power Button'.
W/EventHub(  266): Unable to disable kernel key repeat for /dev/input/event0: Function not implemented
I/EventHub(  266): Virtual keyboard mode is |0] [0]
I/EventHub(  266): Vrtual keyboard is set to Hardware mode
I/EventHub(  266): New device: id=6, fd=126, path='/dev/input/event0', name='Power Button', classes=0x1, configuration='', keyLayout='/system/usr/keylayout/Generic.kl', keyCharacterMap='/system/usr/keychars/Generic.kcm', builtinKeyboard=false, usingSuspendBlockIoctl=true, usingClockIoctl=true
E/EventHub(  266): could not get driver version for /dev/input/mouse0, Not a typewriter
I/EventHub(  266): ignoring event id /dev/input/event3 driver ImExPS/2 Generic Explorer Mouse
D/EventHub(  266): No input device configuration file found for device 'AT Translated Set 2 keyboard'.
I/EventHub(  266): Virtual keyboard mode is |0] [0]
I/EventHub(  266): Vrtual keyboard is set to Hardware mode
I/EventHub(  266): New device: id=7, fd=127, path='/dev/input/event2', name='AT Translated Set 2 keyboard', classes=0x3, configuration='', keyLayout='/system/usr/keylayout/AT_Translated_Set_2_keyboard.kl', keyCharacterMap='/system/usr/keychars/Generic.kcm', builtinKeyboard=false, usingSuspendBlockIoctl=true, usingClockIoctl=true
E/EventHub(  266): could not get driver version for /dev/input/mice, Not a typewriter
E/EventHub(  266): could not get driver version for /dev/input/mouse1, Not a typewriter
D/EventHub(  266): No input device configuration file found for device 'VirtualBox USB Tablet'.
I/EventHub(  266): New device: id=8, fd=128, path='/dev/input/event4', name='VirtualBox USB Tablet', classes=0x80000004, configuration='', keyLayout='', keyCharacterMap='', builtinKeyboard=false, usingSuspendBlockIoctl=true, usingClockIoctl=true
I/InputReader(  266): Device added: id=-1, name='Virtual', sources=0x00000301
I/InputReader(  266):   Touch device 'VirtualBox USB Tablet' could not query the properties of its associated display.  The device will be inoperable until the display size becomes available.
I/InputReader(  266): Device added: id=8, name='VirtualBox USB Tablet', sources=0x00001002
I/InputReader(  266): Device added: id=7, name='AT Translated Set 2 keyboard', sources=0x00000101
I/InputReader(  266): Device added: id=6, name='Power Button', sources=0x00000101
I/InputReader(  266): Device added: id=5, name='Sleep Button', sources=0x00000101
I/InputReader(  266): Device added: id=4, name='gpio-keys', sources=0x80000101
I/InputReader(  266):   Touch device 'Android Input' could not query the properties of its associated display.  The device will be inoperable until the display size becomes available.
I/InputReader(  266): Device added: id=3, name='Android Input', sources=0x00001303
I/InputReader(  266): Device added: id=2, name='mouse', sources=0x00002002
I/InputReader(  266):   Touch device 'seamless mouse' could not query the properties of its associated display.  The device will be inoperable until the display size becomes available.
I/InputReader(  266): Device added: id=1, name='seamless mouse', sources=0x00001002
I/InputReader(  266): Reconfiguring input devices.  changes=0x00000004
I/InputReader(  266): Device reconfigured: id=1, name='seamless mouse', size 720x1280, orientation 0, mode 1, display id 0
I/InputReader(  266): Device reconfigured: id=3, name='Android Input', size 720x1280, orientation 0, mode 1, display id 0
I/InputReader(  266): Device reconfigured: id=8, name='VirtualBox USB Tablet', size 720x1280, orientation 0, mode 1, display id 0
I/ActivityManager(  266): Config changes=78 {1.0 460mcc7mnc zh_CN ldltr sw480dp w480dp h828dp 240dpi lrg long port ?uimode ?night finger qwerty/v/v dpad/v s.4}
D/WifiController(  266): DEFERRED_TOGGLE handled
E/WifiStateMachine(  266): Failed to reload STA firmware java.lang.IllegalArgumentException: command '1 softap fwreload eth1 STA' failed with '501 1 SoftAP command has failed'
D/CommandListener(  163): Setting iface cfg
D/CommandListener(  163): Trying to bring down eth1
E/Netd    (  163): Failed to open /proc/sys/net/ipv6/conf/eth1/use_tempaddr: No such file or directory
E/WifiStateMachine(  266): Unable to change interface settings: java.lang.IllegalStateException: command '4 interface ipv6privacyextensions eth1 enable' failed with '400 4 Failed to set ipv6 privacy extensions (No such file or directory)'
D/WifiMonitor(  266): startMonitoring(eth1) with mConnected = false
I/wpa_supplicant(  309): Successfully initialized wpa_supplicant
D/WifiConfigStore(  266): Loading config and enabling all networks
E/WifiConfigStore(  266): Error parsing configurationjava.io.FileNotFoundException: /data/misc/wifi/ipconfig.txt: open failed: ENOENT (No such file or directory)
E/WifiStateMachine(  266): Failed to set frequency band 0
I/wpa_supplicant(  309): eth1: Trying to associate with SSID 'WiredSSID'
I/wpa_supplicant(  309): eth1: No network configuration found for the current AP
I/wpa_supplicant(  309): eth1: CTRL-EVENT-DISCONNECTED bssid=01:80:c2:00:00:03 reason=3 locally_generated=1
I/wpa_supplicant(  309): eth1: Associate with key management = 0 - comparing with WPA_NONE 16
I/wpa_supplicant(  309): eth1: Auth timeout 'coz 802.11, assoc_failed=0 ssid->mode=0
I/wpa_supplicant(  309): eth1: Setting authentication timeout: 10 sec 0 usec
W/EmulatedCamera_Factory(  170):  camera socket connect is not connected, wait(3)...
I/wpa_supplicant(  309): eth1: Trying to associate with 01:80:c2:00:00:03 (SSID='WiredSSID' freq=2412 MHz)
I/wpa_supplicant(  309): eth1: Associated with 01:80:c2:00:00:03
I/wpa_supplicant(  309): eth1: Cancelling authentication timeout
I/wpa_supplicant(  309): eth1: CTRL-EVENT-CONNECTED - Connection to 01:80:c2:00:00:03 completed (auth) [id=0 id_str=]
I/wpa_supplicant(  309): eth1: Associate with key management = 4 - comparing with WPA_NONE 16
I/wpa_supplicant(  309): eth1: Auth timeout 'coz 802.11, assoc_failed=0 ssid->mode=0
I/wpa_supplicant(  309): eth1: Setting authentication timeout: 10 sec 0 usec
E/WifiStateMachine(  266): Unexpected BatchedScanResults :null
W/EmulatedCamera_Factory(  170):  camera socket connect is not connected, wait(4)...
D/WifiStateMachine(  266): VerifyingLinkState enter
W/EmulatedCamera_Factory(  170):  camera socket connect is not connected, wait(5)...
D/EmulatedCamera_Factory(  170): Player connected fd:14
D/EmulatedCamera_Factory(  170):  camera socket connect is connected:14
V/EmulatedCamera_FakeDevice(  170): EmulatedFakeCameraDevice
D/EmulatedCamera_FakeCamera(  170): Initialize
D/EmulatedCamera_FakeCamera(  170): Initialize: Fake camera is facing back
D/EmulatedCamera_Camera(  170): Initialize
V/EmulatedCamera_FakeDevice(  170): EmulatedFakeCameraDevice
D/EmulatedCamera_FakeCamera(  170): Initialize
D/EmulatedCamera_FakeCamera(  170): Initialize: Fake camera is facing front
D/EmulatedCamera_Camera(  170): Initialize
I/CameraService(  170): Loaded "Camera Module" camera module
I/AudioPolicyManagerBase(  170): loadAudioPolicyConfig() loaded /system/etc/audio_policy.conf
I/AudioFlinger(  170): loadHwModule() Loaded primary audio interface from NOX audio HW HAL (audio) handle 1
I/AudioFlinger(  170): HAL output buffer size 880 frames, normal mix buffer size 1056 frames
I/AudioMixer(  170): found effect "Multichannel Downmix To Stereo" from The Android Open Source Project
E/MonoPipe(  170): Failed to fetch local time frequency when constructing a MonoPipe (res = -32).  getNextWriteTimestamp calls will be non-functional
I/AudioFlinger(  170): Using module 1 has the primary audio interface
I/AudioFlinger(  170): AudioFlinger's thread 0xb4221010 ready to run
I/AudioPolicyService(  170): Loaded audio policy from LEGACY Audio Policy HAL (audio_policy)
D/dalvikvm(  266): GC_CONCURRENT freed 283K, 7% free 4852K/5204K, paused 2ms+0ms, total 6ms
I/SystemServer(  266): Dock Observer
W/DockObserver(  266): This kernel does not have dock station support
I/SystemServer(  266): Wired Accessory Manager
W/WiredAccessoryManager(  266): This kernel does not have wired headset support
W/WiredAccessoryManager(  266): This kernel does not have usb audio support
W/WiredAccessoryManager(  266): This kernel does not have HDMI audio support
I/SystemServer(  266): USB Service
I/SystemServer(  266): Serial Service
I/SystemServer(  266): Twilight Service
I/SystemServer(  266): UI Mode Manager Service
I/SystemServer(  266): Backup Service
I/WindowManager(  266): SAFE MODE not enabled
V/BackupManagerService(  266): Initializing package tracking
V/BackupManagerService(  266): No ancestral data
V/BackupManagerService(  266): addPackageParticipantsLocked: all
I/BackupManagerService(  266): Scheduling backup for new app android
D/BackupManagerService(  266): Now staging backup of android
I/BackupManagerService(  266): Scheduling backup for new app com.android.browser
D/BackupManagerService(  266): Now staging backup of com.android.browser
I/BackupManagerService(  266): Scheduling backup for new app com.android.providers.userdictionary
D/BackupManagerService(  266): Now staging backup of com.android.providers.userdictionary
I/BackupManagerService(  266): Scheduling backup for new app com.android.sharedstoragebackup
D/BackupManagerService(  266): Now staging backup of com.android.sharedstoragebackup
I/BackupManagerService(  266): Scheduling backup for new app com.android.providers.settings
D/BackupManagerService(  266): Now staging backup of com.android.providers.settings
V/BackupManagerService(  266): Starting with transport android/com.android.internal.backup.LocalTransport
V/BackupManagerService(  266): Found transports: 1
I/BackupManagerService(  266): Binding to transport host ComponentInfo{android/com.android.internal.backup.LocalTransportService}
I/BackupManagerService(  266): Found stale backup journal, scheduling
I/BackupManagerService(  266):   android
I/BackupManagerService(  266):   com.android.browser
I/BackupManagerService(  266):   com.android.providers.userdictionary
I/BackupManagerService(  266):   com.android.sharedstoragebackup
I/BackupManagerService(  266):   com.android.providers.settings
I/BackupManagerService(  266): Backup enabled => false
I/BackupManagerService(  266): Opting out of backup
I/SystemServer(  266): AppWidget Service
I/SystemServer(  266): Recognition Service
I/SystemServer(  266): DiskStats Service
I/SystemServer(  266): SamplingProfiler Service
I/SystemServer(  266): NetworkTimeUpdateService
I/SystemServer(  266): CommonTimeManagementService
I/SystemServer(  266): CertBlacklister
I/SystemServer(  266): Dreams Service
I/SystemServer(  266): Assets Atlas Service
I/SystemServer(  266): IdleMaintenanceService
I/SystemServer(  266): Print Service
I/SystemServer(  266): Media Router Service
D/Atlas   (  266): Loaded configuration: SliceMinArea (768x768) flags=0x2 count=25
W/WindowManager(  266): updateFocusedWindowLocked, focusedAppToken is null.
I/Zygote  (  266): Process: zygote socket opened
V/KeyguardServiceDelegate(  266): *** Keyguard started
V/KeyguardServiceDelegate(  266): onSystemReady() called before keyguard service was ready
I/dalvikvm(  266): ignoring registerObject request in thread=1
I/dalvikvm(  266): ignoring registerObject request in thread=1
W/libsuspend(  266): Error writing 'on' to /sys/power/state: Invalid argument
E/libsuspend(  266): Error opening /sys/power/autosleep: No such file or directory
E/libsuspend(  266): Error opening /sys/power/wakeup_count: Permission denied
E/libsuspend(  266): failed to initialize autosuspend
I/ActivityManager(  266): Start proc com.android.systemui for service com.android.keyguard/.KeyguardService: pid=355 uid=10006 gids={50006, 1028, 1015, 1023, 1035, 3002, 3001}
I/ActivityManager(  266): System now ready
I/SystemServer(  266): Making services ready
I/dalvikvm(  355): ignoring registerObject request in thread=1
I/dalvikvm(  355): ignoring registerObject request in thread=1
D/NetworkManagementService(  266): enabling bandwidth control
W/MountService(  266): Duplicate state transition (mounted -> mounted) for /storage/emulated/0
D/        (  266): HostConnection::get() New Host Connection established 0xb9175180, tid 353
D/libEGL  (  266): loaded /system/lib/egl/libEGL_adreno.so
V/KeyguardService(  355): onCreate()
D/libEGL  (  266): loaded /system/lib/egl/libGLESv1_CM_adreno.so
D/libEGL  (  266): loaded /system/lib/egl/libGLESv2_adreno.so
D/SystemUIService(  355): loading: class com.android.systemui.recent.Recents
D/SystemUIService(  355): running: com.android.systemui.recent.Recents@4a7b4048
D/SystemUIService(  355): loading: class com.android.systemui.statusbar.SystemBars
D/SystemUIService(  355): running: com.android.systemui.statusbar.SystemBars@4a7b4318
D/SystemUIService(  355): loading: class com.android.systemui.usb.StorageNotification
D/SystemUIService(  355): running: com.android.systemui.usb.StorageNotification@4a7b52a8
D/SystemUIService(  355): loading: class com.android.systemui.power.PowerUI
D/SystemUIService(  355): running: com.android.systemui.power.PowerUI@4a7b5d84
D/SystemUIService(  355): loading: class com.android.systemui.media.RingtonePlayer
D/SystemUIService(  355): running: com.android.systemui.media.RingtonePlayer@4a7b6740
D/SystemUIService(  355): loading: class com.android.systemui.settings.SettingsUI
D/SystemUIService(  355): running: com.android.systemui.settings.SettingsUI@4a7b7074
I/StatusBarManagerService(  266): registerStatusBar bar=com.android.internal.statusbar.IStatusBar$Stub$Proxy@4a8c8dc0
D/PhoneStatusBar(  355): mSettingsPanelGravity = 55
E/WVMExtractor(  170): Failed to open libwvm.so
E/EGL_emulation(  266): egl: destroying current context refused
W/libEGL  (  266): eglTerminate() called w/ 1 objects remaining
D/Atlas   (  266): Rendered atlas in 88.82ms (9.26+79.57ms)
D/dalvikvm(  355): JIT code cache reset in 0 ms (0 bytes 1/0)
D/dalvikvm(  355): GC_CONCURRENT freed 137K, 7% free 3085K/3284K, paused 1ms+1ms, total 3ms
E/cutils-trace(  170): Error opening trace file: No such file or directory (2)
D/dalvikvm(  355): GC_FOR_ALLOC freed 11K, 6% free 3142K/3340K, paused 2ms, total 2ms
I/dalvikvm-heap(  355): Grow heap (frag case) to 3.729MB for 635808-byte allocation
D/dalvikvm(  355): GC_CONCURRENT freed 1K, 6% free 3762K/3964K, paused 2ms+1ms, total 4ms
D/BluetoothManagerService(  266): Message: 20
D/BluetoothManagerService(  266): Added callback: android.bluetooth.IBluetoothManagerCallback$Stub$Proxy@4a8cae20:true
D/BluetoothAdapter(  355): 1249603024: getState() :  mService = null. Returning STATE_OFF
D/BluetoothAdapter(  355): 1249603024: getState() :  mService = null. Returning STATE_OFF
D/BluetoothAdapter(  355): 1249603024: getState() :  mService = null. Returning STATE_OFF
D/dalvikvm(  355): GC_CONCURRENT freed 193K, 7% free 3963K/4220K, paused 3ms+0ms, total 5ms
I/iptables(  163): iptables: No chain/target/match by that name.
D/PhoneStatusBar(  355): disable: < expand icons alerts ticker system_info back home recent clock search >
I/iptables(  163): iptables terminated by exit(1)
E/BandwidthController(  163): runIptablesCmd(): res=1 status=256 failed /system/bin/iptables -A bw_INPUT -m owner --socket-exists
I/ip6tables(  163): ip6tables: No chain/target/match by that name.
D/BluetoothAdapter(  355): 1249603024: getState() :  mService = null. Returning STATE_OFF
D/BluetoothAdapter(  355): 1249603024: getState() :  mService = null. Returning STATE_OFF
D/PhoneStatusBar(  355): heads up is disabled
I/ip6tables(  163): ip6tables terminated by exit(1)
E/BandwidthController(  163): runIptablesCmd(): res=1 status=256 failed /system/bin/ip6tables -A bw_INPUT -m owner --socket-exists
F/NetworkManagementService(  266): problem enabling bandwidth controls
F/NetworkManagementService(  266): com.android.server.NativeDaemonConnector$NativeDaemonFailureException: command '5 bandwidth enable' failed with '400 5 Bandwidth command failed'
F/NetworkManagementService(  266): 	at com.android.server.NativeDaemonConnector.execute(NativeDaemonConnector.java:392)
F/NetworkManagementService(  266): 	at com.android.server.NativeDaemonConnector.executeForList(NativeDaemonConnector.java:328)
F/NetworkManagementService(  266): 	at com.android.server.NativeDaemonConnector.execute(NativeDaemonConnector.java:293)
F/NetworkManagementService(  266): 	at com.android.server.NetworkManagementService.prepareNativeDaemon(NetworkManagementService.java:348)
F/NetworkManagementService(  266): 	at com.android.server.NetworkManagementService.systemReady(NetworkManagementService.java:224)
F/NetworkManagementService(  266): 	at com.android.server.ServerThread$2.run(SystemServer.java:962)
F/NetworkManagementService(  266): 	at com.android.server.am.ActivityManagerService.systemReady(ActivityManagerService.java:9393)
F/NetworkManagementService(  266): 	at com.android.server.ServerThread.initAndLoop(SystemServer.java:939)
F/NetworkManagementService(  266): 	at com.android.server.SystemServer.main(SystemServer.java:1209)
F/NetworkManagementService(  266): 	at java.lang.reflect.Method.invokeNative(Native Method)
F/NetworkManagementService(  266): 	at java.lang.reflect.Method.invoke(Method.java:515)
F/NetworkManagementService(  266): 	at com.android.internal.os.ZygoteInit$MethodAndArgsCaller.run(ZygoteInit.java:779)
F/NetworkManagementService(  266): 	at com.android.internal.os.ZygoteInit.main(ZygoteInit.java:595)
F/NetworkManagementService(  266): 	at dalvik.system.NativeStart.main(Native Method)
D/dalvikvm(  266): GC_CONCURRENT freed 237K, 6% free 5054K/5360K, paused 2ms+1ms, total 8ms
I/iptables(  163): iptables: No chain/target/match by that name.
I/iptables(  163): iptables terminated by exit(1)
E/Netd    (  163): exec() res=0, status=256 for /system/bin/iptables -F fw_INPUT 
I/dalvikvm(  403): ignoring registerObject request in thread=1
I/dalvikvm(  403): ignoring registerObject request in thread=1
D/dalvikvm(  355): GC_CONCURRENT freed 143K, 5% free 4208K/4412K, paused 0ms+1ms, total 3ms
I/ip6tables(  163): ip6tables: No chain/target/match by that name.
I/ip6tables(  163): ip6tables terminated by exit(1)
E/Netd    (  163): exec() res=0, status=256 for /system/bin/ip6tables -F fw_INPUT 
I/iptables(  163): iptables: No chain/target/match by that name.
I/iptables(  163): iptables terminated by exit(1)
E/Netd    (  163): exec() res=0, status=256 for /system/bin/iptables -F fw_OUTPUT 
I/ActivityManager(  266): Start proc android.process.acore for content provider com.android.providers.contacts/.ContactsProvider2: pid=403 uid=10002 gids={50002, 3003, 1028, 1015, 1023}
I/ip6tables(  163): ip6tables: No chain/target/match by that name.
I/ip6tables(  163): ip6tables terminated by exit(1)
E/Netd    (  163): exec() res=0, status=256 for /system/bin/ip6tables -F fw_OUTPUT 
I/iptables(  163): iptables: No chain/target/match by that name.
I/iptables(  163): iptables terminated by exit(1)
E/Netd    (  163): exec() res=0, status=256 for /system/bin/iptables -F fw_FORWARD 
I/ip6tables(  163): ip6tables: No chain/target/match by that name.
I/ip6tables(  163): ip6tables terminated by exit(1)
E/Netd    (  163): exec() res=0, status=256 for /system/bin/ip6tables -F fw_FORWARD 
F/SystemServer(  266): BOOT FAILURE making Network Managment Service ready
F/SystemServer(  266): java.lang.IllegalStateException: command '6 firewall disable' failed with '400 6 Firewall command failed'
F/SystemServer(  266): 	at com.android.server.NetworkManagementService.setFirewallEnabled(NetworkManagementService.java:1617)
F/SystemServer(  266): 	at com.android.server.NetworkManagementService.prepareNativeDaemon(NetworkManagementService.java:401)
F/SystemServer(  266): 	at com.android.server.NetworkManagementService.systemReady(NetworkManagementService.java:224)
F/SystemServer(  266): 	at com.android.server.ServerThread$2.run(SystemServer.java:962)
F/SystemServer(  266): 	at com.android.server.am.ActivityManagerService.systemReady(ActivityManagerService.java:9393)
F/SystemServer(  266): 	at com.android.server.ServerThread.initAndLoop(SystemServer.java:939)
F/SystemServer(  266): 	at com.android.server.SystemServer.main(SystemServer.java:1209)
F/SystemServer(  266): 	at java.lang.reflect.Method.invokeNative(Native Method)
F/SystemServer(  266): 	at java.lang.reflect.Method.invoke(Method.java:515)
F/SystemServer(  266): 	at com.android.internal.os.ZygoteInit$MethodAndArgsCaller.run(ZygoteInit.java:779)
F/SystemServer(  266): 	at com.android.internal.os.ZygoteInit.main(ZygoteInit.java:595)
F/SystemServer(  266): 	at dalvik.system.NativeStart.main(Native Method)
F/SystemServer(  266): Caused by: com.android.server.NativeDaemonConnector$NativeDaemonFailureException: command '6 firewall disable' failed with '400 6 Firewall command failed'
F/SystemServer(  266): 	at com.android.server.NativeDaemonConnector.execute(NativeDaemonConnector.java:392)
F/SystemServer(  266): 	at com.android.server.NativeDaemonConnector.executeForList(NativeDaemonConnector.java:328)
F/SystemServer(  266): 	at com.android.server.NativeDaemonConnector.execute(NativeDaemonConnector.java:293)
F/SystemServer(  266): 	at com.android.server.NetworkManagementService.setFirewallEnabled(NetworkManagementService.java:1614)
F/SystemServer(  266): 	... 11 more
W/SystemServer(  266): ***********************************************
I/iptables(  163): iptables: No chain/target/match by that name.
I/iptables(  163): iptables terminated by exit(1)
E/Netd    (  163): exec() res=0, status=256 for /system/bin/iptables -F fw_INPUT 
W/NetworkStats(  266): bandwidth controls disabled, unable to track stats
W/NetworkPolicy(  266): bandwidth controls disabled, unable to enforce policy
I/ip6tables(  163): ip6tables: No chain/target/match by that name.
I/ip6tables(  163): ip6tables terminated by exit(1)
E/Netd    (  163): exec() res=0, status=256 for /system/bin/ip6tables -F fw_INPUT 
I/iptables(  163): iptables: No chain/target/match by that name.
I/iptables(  163): iptables terminated by exit(1)
E/Netd    (  163): exec() res=0, status=256 for /system/bin/iptables -F fw_OUTPUT 
I/ip6tables(  163): ip6tables: No chain/target/match by that name.
I/ip6tables(  163): ip6tables terminated by exit(1)
E/Netd    (  163): exec() res=0, status=256 for /system/bin/ip6tables -F fw_OUTPUT 
I/iptables(  163): iptables: No chain/target/match by that name.
I/iptables(  163): iptables terminated by exit(1)
E/Netd    (  163): exec() res=0, status=256 for /system/bin/iptables -F fw_FORWARD 
I/ip6tables(  163): ip6tables: No chain/target/match by that name.
I/ip6tables(  163): ip6tables terminated by exit(1)
E/Netd    (  163): exec() res=0, status=256 for /system/bin/ip6tables -F fw_FORWARD 
F/SystemServer(  266): BOOT FAILURE making Connectivity Service ready
F/SystemServer(  266): java.lang.IllegalStateException: command '7 firewall disable' failed with '400 7 Firewall command failed'
F/SystemServer(  266): 	at com.android.server.NetworkManagementService.setFirewallEnabled(NetworkManagementService.java:1617)
F/SystemServer(  266): 	at com.android.server.ConnectivityService.setLockdownTracker(ConnectivityService.java:3908)
F/SystemServer(  266): 	at com.android.server.ConnectivityService.updateLockdownVpn(ConnectivityService.java:3883)
F/SystemServer(  266): 	at com.android.server.ConnectivityService.systemReady(ConnectivityService.java:2235)
F/SystemServer(  266): 	at com.android.server.ServerThread$2.run(SystemServer.java:977)
F/SystemServer(  266): 	at com.android.server.am.ActivityManagerService.systemReady(ActivityManagerService.java:9393)
F/SystemServer(  266): 	at com.android.server.ServerThread.initAndLoop(SystemServer.java:939)
F/SystemServer(  266): 	at com.android.server.SystemServer.main(SystemServer.java:1209)
F/SystemServer(  266): 	at java.lang.reflect.Method.invokeNative(Native Method)
F/SystemServer(  266): 	at java.lang.reflect.Method.invoke(Method.java:515)
F/SystemServer(  266): 	at com.android.internal.os.ZygoteInit$MethodAndArgsCaller.run(ZygoteInit.java:779)
F/SystemServer(  266): 	at com.android.internal.os.ZygoteInit.main(ZygoteInit.java:595)
F/SystemServer(  266): 	at dalvik.system.NativeStart.main(Native Method)
F/SystemServer(  266): Caused by: com.android.server.NativeDaemonConnector$NativeDaemonFailureException: command '7 firewall disable' failed with '400 7 Firewall command failed'
F/SystemServer(  266): 	at com.android.server.NativeDaemonConnector.execute(NativeDaemonConnector.java:392)
F/SystemServer(  266): 	at com.android.server.NativeDaemonConnector.executeForList(NativeDaemonConnector.java:328)
F/SystemServer(  266): 	at com.android.server.NativeDaemonConnector.execute(NativeDaemonConnector.java:293)
F/SystemServer(  266): 	at com.android.server.NetworkManagementService.setFirewallEnabled(NetworkManagementService.java:1614)
F/SystemServer(  266): 	... 12 more
W/SystemServer(  266): ***********************************************
I/ActivityManager(  266): Config changes=200 {1.0 460mcc7mnc zh_CN ldltr sw480dp w480dp h828dp 240dpi lrg long port finger qwerty/v/v dpad/v s.5}
W/RecognitionManagerService(  266): no available voice recognition services found for user 0
D/dalvikvm(  403): JIT code cache reset in 0 ms (0 bytes 1/0)
W/ServiceWatcher(  266): com.google.android.gms not found
D/dalvikvm(  403): GC_CONCURRENT freed 170K, 8% free 3050K/3280K, paused 6ms+0ms, total 8ms
W/ServiceWatcher(  266): com.google.android.gms not found
W/ServiceWatcher(  266): com.google.android.gms not found
W/ServiceWatcher(  266): com.google.android.gms not found
E/FlpHardwareProvider(  266): Error hw_get_module 'flp': -2
W/ServiceWatcher(  266): com.google.android.gms not found
E/FlpHardwareProvider(  266): Error hw_get_module 'flp': -2
W/ServiceWatcher(  266): com.google.android.gms not found
E/GpsLocationProvider(  266): no AGPS interface in set_agps_server
W/InputMethodManagerService(  266): Ignoring setImeWindowStatus of uid 1000 token: null
I/ActivityManager(  266): Start proc com.example.android.softkeyboard for service com.example.android.softkeyboard/.SoftKeyboard: pid=431 uid=10025 gids={50025}
V/InputMethodManagerService(  266): Adding window token: android.os.Binder@4a8df1e8
W/LocationManagerService(  266): no network location provider found
E/LocationManagerService(  266): no geocoder provider found
E/LocationManagerService(  266): No FusedProvider found.
E/LocationManagerService(  266): no geofence provider found
W/ContextImpl(  266): Calling a method in the system process without a qualified user: android.app.ContextImpl.sendBroadcast:1123 com.android.server.usb.UsbSettingsManager.deviceAttached:621 com.android.server.usb.UsbHostManager.usbDeviceAdded:156 com.android.server.usb.UsbHostManager.monitorUsbHostBus:-2 com.android.server.usb.UsbHostManager.access$000:38 
I/ActivityManager(  266): Start proc com.android.settings for broadcast com.android.settings/.widget.SettingsAppWidgetProvider: pid=438 uid=1000 gids={41000, 1028, 1015, 1023, 3002, 3001, 3003, 1007}
I/dalvikvm(  438): ignoring registerObject request in thread=1
I/dalvikvm(  438): ignoring registerObject request in thread=1
I/dalvikvm(  431): ignoring registerObject request in thread=1
I/dalvikvm(  431): ignoring registerObject request in thread=1
I/CommonTimeManagementService(  266): No common time service detected on this platform.  Common time services will be unavailable.
I/InputReader(  266): Reconfiguring input devices.  changes=0x00000020
I/InputReader(  266): Reconfiguring input devices.  changes=0x00000010
D/dalvikvm(  266): GC_CONCURRENT freed 390K, 9% free 5191K/5648K, paused 2ms+1ms, total 8ms
W/SocketClient(  163): write error (Broken pipe)
I/ActivityManager(  266): Start proc com.android.phone for added application com.android.phone: pid=458 uid=1001 gids={41001, 3002, 3001, 3003, 1028, 1015, 1023}
I/ActivityManager(  266): START u0 {act=android.intent.action.MAIN cat=[android.intent.category.HOME] flg=0x10000000 cmp=com.vphone.launcher/.Launcher} from pid 0
D/libEGL  (  355): loaded /system/lib/egl/libEGL_adreno.so
D/        (  355): HostConnection::get() New Host Connection established 0xb90b4c80, tid 355
D/WifiStateMachine(  266): VerifyingLinkState GOOD_LINK_DETECTED: transition to captive portal check
D/WifiStateMachine(  266): CaptivePortalCheckState enter
I/dalvikvm(  458): ignoring registerObject request in thread=1
I/dalvikvm(  458): ignoring registerObject request in thread=1
I/ActivityManager(  266): Start proc com.vphone.launcher for activity com.vphone.launcher/.Launcher: pid=469 uid=1000 gids={41000, 1028, 1015, 1023, 3002, 3001, 3003, 1007}
W/ActivityManager(  266): Unable to start service Intent { cmp=com.android.printspooler/.PrintSpoolerService } U=0: not found
V/KeyguardServiceDelegate(  266): *** Keyguard connected (yay!)
W/InputMethodManagerService(  266): Focus gain on non-focused client android.view.inputmethod.InputMethodManager$1@4a88d270 (uid=1000 pid=266)
I/dalvikvm(  469): ignoring registerObject request in thread=1
I/dalvikvm(  469): ignoring registerObject request in thread=1
D/BluetoothManagerService(  266): Message: 300
D/BluetoothManagerService(  266): MESSAGE_USER_SWITCHED
D/libEGL  (  355): loaded /system/lib/egl/libGLESv1_CM_adreno.so
D/libEGL  (  355): loaded /system/lib/egl/libGLESv2_adreno.so
D/BluetoothManagerService(  266): Message: 20
D/BluetoothManagerService(  266): Added callback: android.bluetooth.IBluetoothManagerCallback$Stub$Proxy@4a88872c:true
D/BluetoothAdapter(  438): 1249578788: getState() :  mService = null. Returning STATE_OFF
D/BluetoothManagerService(  266): Message: 30
E/BluetoothInputDevice(  438): Could not bind to Bluetooth HID Service with Intent { act=android.bluetooth.IBluetoothInputDevice }
D/BluetoothManagerService(  266): Message: 30
E/BluetoothPan(  438): Could not bind to Bluetooth Pan Service with Intent { act=android.bluetooth.IBluetoothPan }
D/LocalBluetoothProfileManager(  438): Adding local MAP profile
D/BluetoothMap(  438): Create BluetoothMap proxy object
D/BluetoothManagerService(  266): Message: 30
E/BluetoothMap(  438): Could not bind to Bluetooth MAP Service with Intent { act=android.bluetooth.IBluetoothMap }
D/BluetoothManagerService(  266): Message: 30
E/BluetoothPbap(  438): Could not bind to Bluetooth Pbap Service with Intent { act=android.bluetooth.IBluetoothPbap }
D/LocalBluetoothProfileManager(  438): LocalBluetoothProfileManager construction complete
D/BluetoothAdapter(  438): 1249578788: getState() :  mService = null. Returning STATE_OFF
D/BluetoothAdapter(  438): 1249578788: getState() :  mService = null. Returning STATE_OFF
D/WifiStateMachine(  266): CaptivePortalCheckState CMD_CAPTIVE_CHECK_COMPLETE
V/BackupManagerService(  266): Connected to transport ComponentInfo{android/com.android.internal.backup.LocalTransportService}
V/BackupManagerService(  266): Registering transport android/com.android.internal.backup.LocalTransportService::android/com.android.internal.backup.LocalTransport = com.android.internal.backup.LocalTransport@4a8b0b64
D/ConnectivityService(  266): Captive portal check NetworkInfo: type: WIFI[], state: CONNECTING/CAPTIVE_PORTAL_CHECK, reason: (unspecified), extra: "AndroidAP", roaming: false, failover: false, isAvailable: true, isConnectedToProvisioningNetwork: false
D/ConnectivityService(  266): handleCaptivePortalTrackerCheck: call captivePortalCheckComplete ni=NetworkInfo: type: WIFI[], state: CONNECTING/CAPTIVE_PORTAL_CHECK, reason: (unspecified), extra: "AndroidAP", roaming: false, failover: false, isAvailable: true, isConnectedToProvisioningNetwork: false
D/ConnectivityService(  266): ConnectivityChange for WIFI: CONNECTED/CONNECTED
E/ConnectivityService(  266): Unexpected mtu value: android.net.wifi.WifiStateTracker@4a85785c
D/Nat464Xlat(  266): requiresClat: netType=1, hasIPv4Address=true
D/BluetoothManagerService(  266): Message: 20
D/BluetoothManagerService(  266): Added callback: android.bluetooth.IBluetoothManagerCallback$Stub$Proxy@4a8dc0f8:true
D/        (  167): HostConnection::get() New Host Connection established 0xb82cb330, tid 354
D/BluetoothManagerService(  266): Message: 30
E/BluetoothHeadset(  458): Could not bind to Bluetooth Headset Service with Intent { act=android.bluetooth.IBluetoothHeadset }
D/dalvikvm(  458): GC_CONCURRENT freed 149K, 7% free 3105K/3312K, paused 0ms+0ms, total 3ms
D/CallNotifier(  458): CallNotifier: mSignalInfoToneGenerator created when toneplay
D/BluetoothManagerService(  266): Message: 30
E/BluetoothHeadset(  458): Could not bind to Bluetooth Headset Service with Intent { act=android.bluetooth.IBluetoothHeadset }
I/dalvikvm(  469): Could not find method android.view.ViewAnimationUtils.createCircularReveal, referenced from method com.vphone.launcher.Launcher.a
W/dalvikvm(  469): VFY: unable to resolve static method 16870: Landroid/view/ViewAnimationUtils;.createCircularReveal (Landroid/view/View;IIFF)Landroid/animation/Animator;
D/dalvikvm(  469): VFY: replacing opcode 0x71 at 0x0269
D/TelephonyDebugService(  458): TelephonyDebugService()
D/MobileDataStateTracker(  266): default: Broadcast received: android.intent.action.ANY_DATA_STATE apnType=default
D/MobileDataStateTracker(  266): default: Received state=DISCONNECTED, old=DISCONNECTED, reason=radioTurnedOff
D/MobileDataStateTracker(  266): default: Broadcast received: android.intent.action.ANY_DATA_STATE apnType=default
D/MobileDataStateTracker(  266): default: Received state=DISCONNECTED, old=DISCONNECTED, reason=radioTurnedOff
D/MobileDataStateTracker(  266): default: Broadcast received: android.intent.action.ANY_DATA_STATE apnType=default
D/MobileDataStateTracker(  266): default: Received state=DISCONNECTED, old=DISCONNECTED, reason=dataDetached
D/BluetoothManagerService(  266): Message: 30
E/BluetoothHeadset(  458): Could not bind to Bluetooth Headset Service with Intent { act=android.bluetooth.IBluetoothHeadset }
E/BluetoothPhoneService(  458): Could not get a handle on Connection object for the call
W/CallNotifier(  458): Got onMwiChanged() on non-voice-capable device! Ignoring...
I/PhoneApp(  458): Headset phone created, binding local service.
D/Launcher.LauncherProvider(  469): 11683562 - initializeMaxScreenId(): 1
V/Launcher(  469): LauncherAppState inited
D/dalvikvm(  469): GC_CONCURRENT freed 219K, 9% free 3025K/3308K, paused 4ms+0ms, total 8ms
D/dalvikvm(  469): GC_FOR_ALLOC freed 4K, 7% free 3360K/3592K, paused 1ms, total 2ms
D/Launcher.Model(  469): Old launcher provider: content://com.android.launcher2.settings/favorites?notify=true
D/Launcher.Model(  469): Old launcher provider does not exist.
I/PackageManager(  266):   Action: "android.intent.action.MAIN"
I/PackageManager(  266):   Category: "android.intent.category.HOME"
I/PackageManager(  266):   Category: "android.intent.category.DEFAULT"
W/ImageLoader(  469): diskCache() and diskCacheFileNameGenerator() calls overlap each other
I/PackageManager(  266): Adding preferred activity ComponentInfo{com.vphone.launcher/com.vphone.launcher.Launcher} for user 0 :
D/dalvikvm(  266): GC_CONCURRENT freed 367K, 8% free 5310K/5744K, paused 0ms+0ms, total 4ms
W/ContextImpl(  469): Calling a method in the system process without a qualified user: android.app.ContextImpl.startService:1492 android.content.ContextWrapper.startService:494 com.vphone.launcher.LauncherApplication.onCreate:113 android.app.Instrumentation.callApplicationOnCreate:1024 android.app.ActivityThread.handleBindApplication:4346 
W/EGL_emulation(  355): eglSurfaceAttrib not implemented 3093 12436
D/dalvikvm(  469): GC_CONCURRENT freed 212K, 8% free 3532K/3804K, paused 2ms+0ms, total 4ms
W/ActivityThread(  469): ClassLoader.loadClass: The class loader returned by Thread.getContextClassLoader() may fail for processes that host multiple applications. You should explicitly specify a context class loader. For example: Thread.setContextClassLoader(getClass().getClassLoader());
W/Launcher(  469): setApplicationContext called twice! old=com.vphone.launcher.LauncherApplication@4a7ad098 new=com.vphone.launcher.LauncherApplication@4a7ad098
D/su      (  520): su invoked.
D/su      (  520): starting daemon client 1000 1000
D/su      (  522): remote pid: 520
D/su      (  522): remote pts_slave: 
D/su      (  522): waiting for child exit
D/su      (  524): su invoked.
D/su      (  524): 1000 /system/xbin/su executing 0 /system/bin/sh using binary /system/bin/sh : sh
D/su      (  522): sending code
D/su      (  522): child exited
D/su      (  520): client exited 255
D/dalvikvm(  469): GC_CONCURRENT freed 302K, 9% free 3695K/4056K, paused 2ms+1ms, total 7ms
D/OpenGLRenderer(  355): Enabling debug mode 0
I/dalvikvm(  469): Could not find method android.view.ViewAnimationUtils.createCircularReveal, referenced from method com.vphone.launcher.LauncherAnimUtils.createCircularReveal
W/dalvikvm(  469): VFY: unable to resolve static method 16870: Landroid/view/ViewAnimationUtils;.createCircularReveal (Landroid/view/View;IIFF)Landroid/animation/Animator;
D/dalvikvm(  469): VFY: replacing opcode 0x71 at 0x0000
W/ResourceType(  469): Attempt to retrieve bag 0x7f0e00a4 which is invalid or in a cycle.
D/dalvikvm(  469): GC_CONCURRENT freed 104K, 5% free 4013K/4224K, paused 2ms+1ms, total 19ms
D/EventBus(  469): No subscribers registered for event class com.vphone.launcher.game.event.ThemeEvent
D/EventBus(  469): No subscribers registered for event class org.greenrobot.eventbus.NoSubscriberEvent
W/Searchables(  266): No global search activity found
D/Launcher.Model(  469): 11683562 - loadWorkspace()
D/Launcher.Model(  469): 11683562 -   loadedOldDb: false
D/dalvikvm(  469): GC_CONCURRENT freed 415K, 11% free 4014K/4488K, paused 1ms+0ms, total 4ms
W/ContextImpl(  469): Calling a method in the system process without a qualified user: android.app.ContextImpl.startService:1492 android.content.ContextWrapper.startService:494 com.vphone.launcher.Launcher.g:677 com.vphone.launcher.Launcher.a:176 com.vphone.launcher.Launcher$11.run:633 
D/AndroidRuntime(  525): 
D/AndroidRuntime(  525): >>>>>> AndroidRuntime START com.android.internal.os.RuntimeInit <<<<<<
D/Launcher.Model(  469): Invalid package: ComponentInfo{com.vphone.launcher.ad.icon/com.vphone.launcher.icon} (check again later)
D/dalvikvm(  469): GC_FOR_ALLOC freed 193K, 9% free 4192K/4576K, paused 2ms, total 5ms
D/dalvikvm(  458): GC_CONCURRENT freed 265K, 10% free 3236K/3560K, paused 2ms+1ms, total 6ms
D/dalvikvm(  469): GC_CONCURRENT freed 283K, 9% free 4358K/4744K, paused 0ms+1ms, total 3ms
D/Launcher.Model(  469): 11683562 - loadWorkspaceScreensDb()
D/Launcher.Model(  469): 11683562 -   screens: { 0: 1 }
D/Launcher.Model(  469): 11683562 -   sBgWorkspaceScreens: 1
I/ContactLocale(  403): AddressBook Labels [zh_CN]: [, A, B, C, D, E, F, G, H, I, J, K, L, M, N, O, P, Q, R, S, T, U, V, W, X, Y, Z, , , , , , , , , , , , , , , , , , , , , , , , , , , , , , , , , , , , , , , , , , , , , , , , , , , , , , , , , , , , , , , , , , , , , , , , , , , , , , , , , , , , , , , , , , , , , , , , , , , , , , , , , , , , , , , , , , , , , , , , , , , , , , , , , , , , , , , , , , , , , , , , , , , , , , , , , , , , #, ]
D/AndroidRuntime(  525): CheckJNI is OFF
D/dalvikvm(  525): Using executionMode 2
D/dalvikvm(  525): Trying to load lib libjavacore.so 0x0
D/dalvikvm(  525): Added shared lib libjavacore.so 0x0
D/libEGL  (  469): loaded /system/lib/egl/libEGL_adreno.so
D/dalvikvm(  525): Trying to load lib libnativehelper.so 0x0
D/dalvikvm(  525): Added shared lib libnativehelper.so 0x0
D/dalvikvm(  525): No JNI_OnLoad found in libnativehelper.so 0x0, skipping init
D/dalvikvm(  525): Note: class Landroid/app/ActivityManagerNative; has 179 unimplemented (abstract) methods
D/        (  469): HostConnection::get() New Host Connection established 0xb90c9730, tid 469
D/PhoneStatusBar(  355): mSettingsPanelGravity = 55
E/memtrack(  525): Couldn't load memtrack module (No such file or directory)
E/android.os.Debug(  525): failed to load memtrack module: -2
D/AndroidRuntime(  525): Calling main entry com.android.commands.am.Am
D/AndroidRuntime(  525): Shutting down VM
E/cutils-trace(  525): Error opening trace file: No such file or directory (2)
D/dalvikvm(  525): GC_CONCURRENT freed 96K, 15% free 589K/688K, paused 0ms+0ms, total 1ms
D/libEGL  (  469): loaded /system/lib/egl/libGLESv1_CM_adreno.so
D/libEGL  (  469): loaded /system/lib/egl/libGLESv2_adreno.so
V/StatusBar(  355): userId 0 is in the house
V/KeyguardServiceDelegate(  266): **** SHOWN CALLED ****
D/dalvikvm(  355): GC_FOR_ALLOC freed 172K, 6% free 4288K/4520K, paused 2ms, total 2ms
I/dalvikvm-heap(  355): Grow heap (frag case) to 10.491MB for 6553612-byte allocation
D/dalvikvm(  355): GC_CONCURRENT freed 6K, 3% free 10681K/10924K, paused 1ms+0ms, total 3ms
W/EGL_emulation(  469): eglSurfaceAttrib not implemented 3093 12436
D/OpenGLRenderer(  469): Enabling debug mode 0
V/RenderScript(  469): 0xb918ebd0 Launching thread(s), CPUs 2
W/ContextImpl(  266): Calling a method in the system process without a qualified user: android.app.ContextImpl.sendBroadcast:1123 com.android.server.InputMethodManagerService.hideCurrentInputLocked:1880 com.android.server.InputMethodManagerService.windowGainedFocus:1968 com.android.internal.view.IInputMethodManager$Stub.onTransact:221 com.android.server.InputMethodManagerService.onTransact:818 
I/ActivityManager(  266): Displayed com.vphone.launcher/.Launcher: +879ms
D/dalvikvm(  469): GC_CONCURRENT freed 351K, 9% free 4449K/4860K, paused 1ms+0ms, total 4ms
V/WebViewChromium(  469): Binding Chromium to the background looper Looper (main, tid 1) {4a7a9328}
I/chromium(  469): [INFO:library_loader_hooks.cc(112)] Chromium logging enabled: level = 0, default verbosity = 0
I/BrowserProcessMain(  469): Initializing chromium process, renderers=0
W/chromium(  469): [WARNING:proxy_service.cc(888)] PAC support disabled because there is no system implementation
W/dalvikvm(  469): VFY: unable to find class referenced in signature (Ljava/nio/file/Path;)
W/dalvikvm(  469): VFY: unable to find class referenced in signature ([Ljava/nio/file/OpenOption;)
I/dalvikvm(  469): Could not find method java.nio.file.Files.newOutputStream, referenced from method okio.Okio.sink
W/dalvikvm(  469): VFY: unable to resolve static method 45304: Ljava/nio/file/Files;.newOutputStream (Ljava/nio/file/Path;[Ljava/nio/file/OpenOption;)Ljava/io/OutputStream;
D/dalvikvm(  469): VFY: replacing opcode 0x71 at 0x000a
W/dalvikvm(  469): VFY: unable to find class referenced in signature (Ljava/nio/file/Path;)
W/dalvikvm(  469): VFY: unable to find class referenced in signature ([Ljava/nio/file/OpenOption;)
I/dalvikvm(  469): Could not find method java.nio.file.Files.newInputStream, referenced from method okio.Okio.source
W/dalvikvm(  469): VFY: unable to resolve static method 45303: Ljava/nio/file/Files;.newInputStream (Ljava/nio/file/Path;[Ljava/nio/file/OpenOption;)Ljava/io/InputStream;
D/dalvikvm(  469): VFY: replacing opcode 0x71 at 0x000a
D/dalvikvm(  469): GC_FOR_ALLOC freed 97K, 8% free 4533K/4916K, paused 2ms, total 2ms
I/dalvikvm-heap(  469): Grow heap (frag case) to 5.086MB for 635808-byte allocation
D/dalvikvm(  469): GC_CONCURRENT freed <1K, 7% free 5153K/5540K, paused 1ms+0ms, total 3ms
D/Launcher(  469): 11683562 - bindAddScreens()
D/Launcher(  469): 11683562 -   orderedScreenIds: 1
D/Launcher.Workspace(  469): 11683562 - insertNewWorkspaceScreen(): 1 at index: 0
D/EventBus(  469): No subscribers registered for event class com.vphone.launcher.game.event.RankEvent
D/EventBus(  469): No subscribers registered for event class org.greenrobot.eventbus.NoSubscriberEvent
